
 Start         Length     Name                   Class
 0001:00000000 0009B3D4H .text                   CODE
 0002:00000000 000015E8H .data                   DATA
 0002:000015E8 00000D65H .bss                    BSS


Detailed map of segments

 0001:00000000 0000594B C=CODE     S=.text    G=(none)   M=System   ACBP=A9
 0001:0000594C 00000140 C=CODE     S=.text    G=(none)   M=SysInit  ACBP=A9
 0001:00005A8C 00000134 C=CODE     S=.text    G=(none)   M=Types    ACBP=A9
 0001:00005BC0 00000C78 C=CODE     S=.text    G=(none)   M=Windows  ACBP=A9
 0001:00006838 00000348 C=CODE     S=.text    G=(none)   M=SysConst ACBP=A9
 0001:00006B80 000068C4 C=CODE     S=.text    G=(none)   M=SysUtils ACBP=A9
 0001:0000D444 00000038 C=CODE     S=.text    G=(none)   M=Messages ACBP=A9
 0001:0000D47C 00000184 C=CODE     S=.text    G=(none)   M=VarUtils ACBP=A9
 0001:0000D600 000088C4 C=CODE     S=.text    G=(none)   M=Variants ACBP=A9
 0001:00015EC4 00000150 C=CODE     S=.text    G=(none)   M=RTLConsts ACBP=A9
 0001:00016014 00000DCC C=CODE     S=.text    G=(none)   M=TypInfo  ACBP=A9
 0001:00016DE0 00000338 C=CODE     S=.text    G=(none)   M=ActiveX  ACBP=A9
 0001:00017118 0000CB5A C=CODE     S=.text    G=(none)   M=Classes  ACBP=A9
 0001:00023C74 00001018 C=CODE     S=.text    G=(none)   M=IniFiles ACBP=A9
 0001:00024C8C 00001F68 C=CODE     S=.text    G=(none)   M=Registry ACBP=A9
 0001:00026BF4 00005050 C=CODE     S=.text    G=(none)   M=TestFramework ACBP=A9
 0001:0002BC44 00000048 C=CODE     S=.text    G=(none)   M=Math     ACBP=A9
 0001:0002BC8C 00000320 C=CODE     S=.text    G=(none)   M=Consts   ACBP=A9
 0001:0002BFAC 000094D3 C=CODE     S=.text    G=(none)   M=Graphics ACBP=A9
 0001:00035480 00000787 C=CODE     S=.text    G=(none)   M=MultiMon ACBP=A9
 0001:00035C08 0000030C C=CODE     S=.text    G=(none)   M=Contnrs  ACBP=A9
 0001:00035F14 00000854 C=CODE     S=.text    G=(none)   M=CommCtrl ACBP=A9
 0001:00036768 00000038 C=CODE     S=.text    G=(none)   M=Imm      ACBP=A9
 0001:000367A0 00001098 C=CODE     S=.text    G=(none)   M=HelpIntfs ACBP=A9
 0001:00037838 00000058 C=CODE     S=.text    G=(none)   M=WinSpool ACBP=A9
 0001:00037890 00000F80 C=CODE     S=.text    G=(none)   M=Printers ACBP=A9
 0001:00038810 0000031F C=CODE     S=.text    G=(none)   M=FlatSB   ACBP=A9
 0001:00038B30 00003528 C=CODE     S=.text    G=(none)   M=StdCtrls ACBP=A9
 0001:0003C058 00000038 C=CODE     S=.text    G=(none)   M=ShellAPI ACBP=A9
 0001:0003C090 00000038 C=CODE     S=.text    G=(none)   M=RegStr   ACBP=A9
 0001:0003C0C8 00000038 C=CODE     S=.text    G=(none)   M=WinInet  ACBP=A9
 0001:0003C100 00000038 C=CODE     S=.text    G=(none)   M=UrlMon   ACBP=A9
 0001:0003C138 00000038 C=CODE     S=.text    G=(none)   M=ShlObj   ACBP=A9
 0001:0003C170 00000038 C=CODE     S=.text    G=(none)   M=CommDlg  ACBP=A9
 0001:0003C1A8 0000230C C=CODE     S=.text    G=(none)   M=ExtCtrls ACBP=A9
 0001:0003E4B4 00000038 C=CODE     S=.text    G=(none)   M=Dlgs     ACBP=A9
 0001:0003E4EC 00000659 C=CODE     S=.text    G=(none)   M=Dialogs  ACBP=A9
 0001:0003EB48 000006F4 C=CODE     S=.text    G=(none)   M=Clipbrd  ACBP=A9
 0001:0003F23C 00000038 C=CODE     S=.text    G=(none)   M=StrUtils ACBP=A9
 0001:0003F274 00000168 C=CODE     S=.text    G=(none)   M=StdActns ACBP=A9
 0001:0003F3DC 00000CC4 C=CODE     S=.text    G=(none)   M=WinHelpViewer ACBP=A9
 0001:000400A0 000019DE C=CODE     S=.text    G=(none)   M=ActnList ACBP=A9
 0001:00041A80 0000CA10 C=CODE     S=.text    G=(none)   M=Forms    ACBP=A9
 0001:0004E490 0000176C C=CODE     S=.text    G=(none)   M=ImgList  ACBP=A9
 0001:0004FBFC 00006575 C=CODE     S=.text    G=(none)   M=Menus    ACBP=A9
 0001:00056174 00010D2F C=CODE     S=.text    G=(none)   M=Controls ACBP=A9
 0001:00066EA4 00000038 C=CODE     S=.text    G=(none)   M=RichEdit ACBP=A9
 0001:00066EDC 00000ACC C=CODE     S=.text    G=(none)   M=ToolWin  ACBP=A9
 0001:000679A8 00000070 C=CODE     S=.text    G=(none)   M=ComStrs  ACBP=A9
 0001:00067A18 000000F5 C=CODE     S=.text    G=(none)   M=Buttons  ACBP=A9
 0001:00067B10 00000038 C=CODE     S=.text    G=(none)   M=ExtDlgs  ACBP=A9
 0001:00067B48 0000006C C=CODE     S=.text    G=(none)   M=Mapi     ACBP=A9
 0001:00067BB4 00000058 C=CODE     S=.text    G=(none)   M=ExtActns ACBP=A9
 0001:00067C0C 00001AF8 C=CODE     S=.text    G=(none)   M=ListActns ACBP=A9
 0001:00069704 0001A144 C=CODE     S=.text    G=(none)   M=ComCtrls ACBP=A9
 0001:00083848 00004520 C=CODE     S=.text    G=(none)   M=GUITestRunner ACBP=A9
 0001:00087D68 00000060 C=CODE     S=.text    G=(none)   M=ComConst ACBP=A9
 0001:00087DC8 000011B5 C=CODE     S=.text    G=(none)   M=ComObj   ACBP=A9
 0001:00088F80 00000060 C=CODE     S=.text    G=(none)   M=OleConst ACBP=A9
 0001:00088FE0 00000876 C=CODE     S=.text    G=(none)   M=OleServer ACBP=A9
 0001:00089858 00000038 C=CODE     S=.text    G=(none)   M=StdVCL   ACBP=A9
 0001:00089890 00000038 C=CODE     S=.text    G=(none)   M=Office97 ACBP=A9
 0001:000898C8 00000038 C=CODE     S=.text    G=(none)   M=VBIDE97  ACBP=A9
 0001:00089900 000013B4 C=CODE     S=.text    G=(none)   M=Excel97  ACBP=A9
 0001:0008ACB4 00000868 C=CODE     S=.text    G=(none)   M=Ranger   ACBP=A9
 0001:0008B51C 0000062C C=CODE     S=.text    G=(none)   M=RngFormatReader ACBP=A9
 0001:0008BB48 00001797 C=CODE     S=.text    G=(none)   M=AxCtrls  ACBP=A9
 0001:0008D2E0 00003439 C=CODE     S=.text    G=(none)   M=OleCtrls ACBP=A9
 0001:0009071C 000008EC C=CODE     S=.text    G=(none)   M=MSXML_TLB ACBP=A9
 0001:00091008 00000194 C=CODE     S=.text    G=(none)   M=Xml      ACBP=A9
 0001:0009119C 00001878 C=CODE     S=.text    G=(none)   M=MSXmlRngFormatReader ACBP=A9
 0001:00092A14 0000010C C=CODE     S=.text    G=(none)   M=RangeReaderFactory ACBP=A9
 0001:00092B20 00000C18 C=CODE     S=.text    G=(none)   M=TestHlp  ACBP=A9
 0001:00093738 00000B7C C=CODE     S=.text    G=(none)   M=RangerTest ACBP=A9
 0001:000942B4 00000038 C=CODE     S=.text    G=(none)   M=RangerTest2 ACBP=A9
 0001:000942EC 000021A0 C=CODE     S=.text    G=(none)   M=XlsObjs  ACBP=A9
 0001:0009648C 00000360 C=CODE     S=.text    G=(none)   M=XlsApp   ACBP=A9
 0001:000967EC 000013B1 C=CODE     S=.text    G=(none)   M=XlsAppTest ACBP=A9
 0001:00097BA0 00000AB4 C=CODE     S=.text    G=(none)   M=XlsFormater ACBP=A9
 0001:00098654 000010D4 C=CODE     S=.text    G=(none)   M=XlsFormaterTest ACBP=A9
 0001:00099728 000002C8 C=CODE     S=.text    G=(none)   M=RangeReaderFactorytest ACBP=A9
 0001:000999F0 00001560 C=CODE     S=.text    G=(none)   M=XmlTest  ACBP=A9
 0001:0009AF50 0000015C C=CODE     S=.text    G=(none)   M=ExcelTests ACBP=A9
 0001:0009B0AC 00000325 C=CODE     S=.text    G=(none)   M=ExcelTestProjectD6 ACBP=A9
 0002:00000000 0000008C C=DATA     S=.data    G=DGROUP   M=System   ACBP=A9
 0002:0000008C 00000018 C=DATA     S=.data    G=DGROUP   M=SysInit  ACBP=A9
 0002:000000A4 00000270 C=DATA     S=.data    G=DGROUP   M=SysUtils ACBP=A9
 0002:00000314 00000108 C=DATA     S=.data    G=DGROUP   M=VarUtils ACBP=A9
 0002:0000041C 00000172 C=DATA     S=.data    G=DGROUP   M=Variants ACBP=A9
 0002:00000590 0000000C C=DATA     S=.data    G=DGROUP   M=TypInfo  ACBP=A9
 0002:0000059C 00000010 C=DATA     S=.data    G=DGROUP   M=ActiveX  ACBP=A9
 0002:000005AC 000000E4 C=DATA     S=.data    G=DGROUP   M=Classes  ACBP=A9
 0002:00000690 00000008 C=DATA     S=.data    G=DGROUP   M=IniFiles ACBP=A9
 0002:00000698 00000008 C=DATA     S=.data    G=DGROUP   M=Registry ACBP=A9
 0002:000006A0 00000010 C=DATA     S=.data    G=DGROUP   M=TestFramework ACBP=A9
 0002:000006B0 00000304 C=DATA     S=.data    G=DGROUP   M=Graphics ACBP=A9
 0002:000009B4 00000004 C=DATA     S=.data    G=DGROUP   M=Printers ACBP=A9
 0002:000009B8 00000078 C=DATA     S=.data    G=DGROUP   M=StdCtrls ACBP=A9
 0002:00000A30 00000014 C=DATA     S=.data    G=DGROUP   M=ExtCtrls ACBP=A9
 0002:00000A44 00000074 C=DATA     S=.data    G=DGROUP   M=Dialogs  ACBP=A9
 0002:00000AB8 00000130 C=DATA     S=.data    G=DGROUP   M=Forms    ACBP=A9
 0002:00000BE8 00000020 C=DATA     S=.data    G=DGROUP   M=ImgList  ACBP=A9
 0002:00000C08 000000EC C=DATA     S=.data    G=DGROUP   M=Menus    ACBP=A9
 0002:00000CF4 0000013C C=DATA     S=.data    G=DGROUP   M=Controls ACBP=A9
 0002:00000E30 00000020 C=DATA     S=.data    G=DGROUP   M=ToolWin  ACBP=A9
 0002:00000E50 0000002C C=DATA     S=.data    G=DGROUP   M=Buttons  ACBP=A9
 0002:00000E7C 00000008 C=DATA     S=.data    G=DGROUP   M=Mapi     ACBP=A9
 0002:00000E84 000001C0 C=DATA     S=.data    G=DGROUP   M=ComCtrls ACBP=A9
 0002:00001044 00000030 C=DATA     S=.data    G=DGROUP   M=ComObj   ACBP=A9
 0002:00001074 0000003C C=DATA     S=.data    G=DGROUP   M=Excel97  ACBP=A9
 0002:000010B0 00000030 C=DATA     S=.data    G=DGROUP   M=RngFormatReader ACBP=A9
 0002:000010E0 0000002C C=DATA     S=.data    G=DGROUP   M=OleCtrls ACBP=A9
 0002:0000110C 0000003C C=DATA     S=.data    G=DGROUP   M=MSXML_TLB ACBP=A9
 0002:00002000 0000070C C=BSS      S=.bss     G=DGROUP   M=System   ACBP=A9
 0002:0000270C 00000018 C=BSS      S=.bss     G=DGROUP   M=SysInit  ACBP=A9
 0002:00002724 00000004 C=BSS      S=.bss     G=DGROUP   M=Types    ACBP=A9
 0002:00002728 00000004 C=BSS      S=.bss     G=DGROUP   M=Windows  ACBP=A9
 0002:0000272C 00000004 C=BSS      S=.bss     G=DGROUP   M=SysConst ACBP=A9
 0002:00002730 00000120 C=BSS      S=.bss     G=DGROUP   M=SysUtils ACBP=A9
 0002:00002850 00000004 C=BSS      S=.bss     G=DGROUP   M=Messages ACBP=A9
 0002:00002854 00000004 C=BSS      S=.bss     G=DGROUP   M=VarUtils ACBP=A9
 0002:00002858 00000184 C=BSS      S=.bss     G=DGROUP   M=Variants ACBP=A9
 0002:000029DC 00000004 C=BSS      S=.bss     G=DGROUP   M=RTLConsts ACBP=A9
 0002:000029E0 00000004 C=BSS      S=.bss     G=DGROUP   M=TypInfo  ACBP=A9
 0002:000029E4 00000004 C=BSS      S=.bss     G=DGROUP   M=ActiveX  ACBP=A9
 0002:000029E8 00000040 C=BSS      S=.bss     G=DGROUP   M=Classes  ACBP=A9
 0002:00002A28 00000004 C=BSS      S=.bss     G=DGROUP   M=IniFiles ACBP=A9
 0002:00002A2C 00000004 C=BSS      S=.bss     G=DGROUP   M=Registry ACBP=A9
 0002:00002A30 00000004 C=BSS      S=.bss     G=DGROUP   M=TestFramework ACBP=A9
 0002:00002A34 00000004 C=BSS      S=.bss     G=DGROUP   M=Math     ACBP=A9
 0002:00002A38 00000004 C=BSS      S=.bss     G=DGROUP   M=Consts   ACBP=A9
 0002:00002A3C 00000060 C=BSS      S=.bss     G=DGROUP   M=Graphics ACBP=A9
 0002:00002A9C 00000031 C=BSS      S=.bss     G=DGROUP   M=MultiMon ACBP=A9
 0002:00002AD0 00000004 C=BSS      S=.bss     G=DGROUP   M=Contnrs  ACBP=A9
 0002:00002AD4 0000000C C=BSS      S=.bss     G=DGROUP   M=CommCtrl ACBP=A9
 0002:00002AE0 00000004 C=BSS      S=.bss     G=DGROUP   M=Imm      ACBP=A9
 0002:00002AE4 00000008 C=BSS      S=.bss     G=DGROUP   M=HelpIntfs ACBP=A9
 0002:00002AEC 00000004 C=BSS      S=.bss     G=DGROUP   M=WinSpool ACBP=A9
 0002:00002AF0 00000004 C=BSS      S=.bss     G=DGROUP   M=Printers ACBP=A9
 0002:00002AF4 00000034 C=BSS      S=.bss     G=DGROUP   M=FlatSB   ACBP=A9
 0002:00002B28 00000004 C=BSS      S=.bss     G=DGROUP   M=StdCtrls ACBP=A9
 0002:00002B2C 00000004 C=BSS      S=.bss     G=DGROUP   M=ShellAPI ACBP=A9
 0002:00002B30 00000004 C=BSS      S=.bss     G=DGROUP   M=RegStr   ACBP=A9
 0002:00002B34 00000004 C=BSS      S=.bss     G=DGROUP   M=WinInet  ACBP=A9
 0002:00002B38 00000004 C=BSS      S=.bss     G=DGROUP   M=UrlMon   ACBP=A9
 0002:00002B3C 00000004 C=BSS      S=.bss     G=DGROUP   M=ShlObj   ACBP=A9
 0002:00002B40 00000004 C=BSS      S=.bss     G=DGROUP   M=CommDlg  ACBP=A9
 0002:00002B44 00000004 C=BSS      S=.bss     G=DGROUP   M=ExtCtrls ACBP=A9
 0002:00002B48 00000004 C=BSS      S=.bss     G=DGROUP   M=Dlgs     ACBP=A9
 0002:00002B4C 0000000C C=BSS      S=.bss     G=DGROUP   M=Dialogs  ACBP=A9
 0002:00002B58 0000000C C=BSS      S=.bss     G=DGROUP   M=Clipbrd  ACBP=A9
 0002:00002B64 00000004 C=BSS      S=.bss     G=DGROUP   M=StrUtils ACBP=A9
 0002:00002B68 00000004 C=BSS      S=.bss     G=DGROUP   M=StdActns ACBP=A9
 0002:00002B6C 00000010 C=BSS      S=.bss     G=DGROUP   M=WinHelpViewer ACBP=A9
 0002:00002B7C 00000004 C=BSS      S=.bss     G=DGROUP   M=ActnList ACBP=A9
 0002:00002B80 00000020 C=BSS      S=.bss     G=DGROUP   M=Forms    ACBP=A9
 0002:00002BA0 00000004 C=BSS      S=.bss     G=DGROUP   M=ImgList  ACBP=A9
 0002:00002BA4 00000010 C=BSS      S=.bss     G=DGROUP   M=Menus    ACBP=A9
 0002:00002BB4 00000080 C=BSS      S=.bss     G=DGROUP   M=Controls ACBP=A9
 0002:00002C34 00000004 C=BSS      S=.bss     G=DGROUP   M=RichEdit ACBP=A9
 0002:00002C38 00000004 C=BSS      S=.bss     G=DGROUP   M=ToolWin  ACBP=A9
 0002:00002C3C 00000004 C=BSS      S=.bss     G=DGROUP   M=ComStrs  ACBP=A9
 0002:00002C40 00000030 C=BSS      S=.bss     G=DGROUP   M=Buttons  ACBP=A9
 0002:00002C70 00000004 C=BSS      S=.bss     G=DGROUP   M=ExtDlgs  ACBP=A9
 0002:00002C74 00000004 C=BSS      S=.bss     G=DGROUP   M=Mapi     ACBP=A9
 0002:00002C78 00000009 C=BSS      S=.bss     G=DGROUP   M=ExtActns ACBP=A9
 0002:00002C84 00000004 C=BSS      S=.bss     G=DGROUP   M=ListActns ACBP=A9
 0002:00002C88 00000034 C=BSS      S=.bss     G=DGROUP   M=ComCtrls ACBP=A9
 0002:00002CBC 00000004 C=BSS      S=.bss     G=DGROUP   M=GUITestRunner ACBP=A9
 0002:00002CC0 00000004 C=BSS      S=.bss     G=DGROUP   M=ComConst ACBP=A9
 0002:00002CC4 00000011 C=BSS      S=.bss     G=DGROUP   M=ComObj   ACBP=A9
 0002:00002CD8 00000004 C=BSS      S=.bss     G=DGROUP   M=OleConst ACBP=A9
 0002:00002CDC 00000004 C=BSS      S=.bss     G=DGROUP   M=OleServer ACBP=A9
 0002:00002CE0 00000004 C=BSS      S=.bss     G=DGROUP   M=StdVCL   ACBP=A9
 0002:00002CE4 00000004 C=BSS      S=.bss     G=DGROUP   M=Office97 ACBP=A9
 0002:00002CE8 00000004 C=BSS      S=.bss     G=DGROUP   M=VBIDE97  ACBP=A9
 0002:00002CEC 00000004 C=BSS      S=.bss     G=DGROUP   M=Excel97  ACBP=A9
 0002:00002CF0 00000004 C=BSS      S=.bss     G=DGROUP   M=Ranger   ACBP=A9
 0002:00002CF4 00000004 C=BSS      S=.bss     G=DGROUP   M=RngFormatReader ACBP=A9
 0002:00002CF8 0000001C C=BSS      S=.bss     G=DGROUP   M=AxCtrls  ACBP=A9
 0002:00002D14 00000014 C=BSS      S=.bss     G=DGROUP   M=OleCtrls ACBP=A9
 0002:00002D28 00000004 C=BSS      S=.bss     G=DGROUP   M=MSXML_TLB ACBP=A9
 0002:00002D2C 00000004 C=BSS      S=.bss     G=DGROUP   M=Xml      ACBP=A9
 0002:00002D30 00000004 C=BSS      S=.bss     G=DGROUP   M=MSXmlRngFormatReader ACBP=A9
 0002:00002D34 00000004 C=BSS      S=.bss     G=DGROUP   M=RangeReaderFactory ACBP=A9
 0002:00002D38 00000004 C=BSS      S=.bss     G=DGROUP   M=TestHlp  ACBP=A9
 0002:00002D3C 00000004 C=BSS      S=.bss     G=DGROUP   M=RangerTest ACBP=A9
 0002:00002D40 00000004 C=BSS      S=.bss     G=DGROUP   M=RangerTest2 ACBP=A9
 0002:00002D44 00000004 C=BSS      S=.bss     G=DGROUP   M=XlsObjs  ACBP=A9
 0002:00002D48 00000004 C=BSS      S=.bss     G=DGROUP   M=XlsApp   ACBP=A9
 0002:00002D4C 00000004 C=BSS      S=.bss     G=DGROUP   M=XlsAppTest ACBP=A9
 0002:00002D50 00000004 C=BSS      S=.bss     G=DGROUP   M=XlsFormater ACBP=A9
 0002:00002D54 00000004 C=BSS      S=.bss     G=DGROUP   M=XlsFormaterTest ACBP=A9
 0002:00002D58 00000004 C=BSS      S=.bss     G=DGROUP   M=RangeReaderFactorytest ACBP=A9
 0002:00002D5C 00000004 C=BSS      S=.bss     G=DGROUP   M=XmlTest  ACBP=A9
 0002:00002D60 00000004 C=BSS      S=.bss     G=DGROUP   M=ExcelTests ACBP=A9


  Address         Publics by Name

 0002:00002B4C       .01
 0002:00002CF8       .02
 0002:00002CD8       .1
 0002:00002B48       .1
 0002:00002B3C       .1
 0002:00002C3C       .1
 0002:00002854       .1
 0002:00002CC0       .1
 0002:000029DC       .1
 0002:00002B38       .1
 0002:00002B34       .1
 0002:00002B30       .1
 0002:00002D60       .1
 0002:00002C74       .1
 0002:00002850       .1
 0002:00002C34       .1
 0002:0000271C       .1
 0002:00002B2C       .1
 0002:00002B74       .1
 0002:00002724       .1
 0002:00002B64       .1
 0002:00002B14       .1
 0002:00002D34       .1
 0002:0000272C       .1
 0002:00002AE0       .1
 0002:00002A38       .1
 0002:00002AD4       .1
 0002:00002ABC       .1
 0002:00002B40       .1
 0002:00002CE0       .1
 0002:00002D28       .11
 0002:00002B44       .12
 0002:00002A40       .12
 0002:00002D5C       .2
 0002:00002D30       .2
 0002:00002A34       .2
 0002:00002D38       .2
 0002:00002D3C       .2
 0002:00002D40       .2
 0002:00002D48       .2
 0002:00002B5C       .2
 0002:00002D4C       .2
 0002:00002CBC       .2
 0002:00002D50       .2
 0002:00002D58       .2
 0002:00002AE4       .2
 0002:00002D2C       .2
 0002:00002D54       .2
 0002:00002AD0       .21
 0002:00002CDC       .3
 0002:00002728       .3
 0002:00002AEC       .3
 0002:00002C70       .3
 0002:00002BA0       .3
 0002:000029E4       .3
 0002:00002AF0       .3
 0002:000029F0       .35
 0002:00002C88       .36
 0002:00002C40       .4
 0002:00002C38       .4
 0002:00002CE4       .4
 0002:00002B88       .41
 0002:00002CC4       .41
 0002:00002CEC       .41
 0002:00002A30       .41
 0002:00002B28       .42
 0002:000025BC       .5
 0002:00002A2C       .5
 0002:00002D24       .5
 0002:00002CF4       .5
 0002:000029E0       .6
 0002:00002878       .61
 0002:00002B68       .63
 0002:00002CE8       .71
 0002:00002BBC       .72
 0002:00002C78       .72
 0002:00002CF0       .8
 0002:00002A28       .8
 0002:00002C84       .8
 0002:00002B7C       .8
 0002:00002BAC       .9
 0002:00002D44       .9
 0002:00002840       .94
 0001:00001B18       @AbstractError
 0001:000040B8       @AddRefArray
 0001:00004088       @AddRefRecord
 0001:00002AC0       @AfterConstruction
 0001:000028B4       @AsClass
 0001:00003470       @Assert
 0001:00001F48       @AStrCmp
 0001:00002AD0       @BeforeDestruction
 0001:00002644       @BoundErr
 0001:00002900       @CallDynaInst
 0001:0000543C       @CheckAutoResult
 0001:00002A68       @ClassCreate
 0001:00002AB8       @ClassDestroy
 0001:00001E50       @Close
 0001:000018F0       @Copy
 0001:00004294       @CopyArray
 0001:00004178       @CopyRecord
 0001:00004578       @DispCallByIDError
 0001:00004468       @DispInvoke
 0001:0000439C       @Dispose
 0001:00002F4C       @DoneExcept
 0001:00004CDC       @DynArrayAddRef
 0001:00004CB4       @DynArrayAsg
 0001:00004C78       @DynArrayClear
 0001:00004B64       @DynArrayCopy
 0001:00004B84       @DynArrayCopyRange
 0001:000049A4       @DynArrayHigh
 0001:0000499C       @DynArrayLength
 0001:00004B58       @DynArraySetLength
 0001:00003034       @ExceptionHandler
 0001:00001FB8       @FillChar
 0001:0000407C       @Finalize
 0001:00003F90       @FinalizeArray
 0001:00003F5C       @FinalizeRecord
 0001:00002918       @FindDynaInst
 0001:00001E44       @Flush
 0001:00002638       @FpuInit
 0001:00002574       @FpuMaskInit
 0001:00001778       @FreeMem
 0001:00001758       @GetMem
 0001:000059C4       @GetTls
 0001:00003458       @Halt
 0001:00003380       @Halt0
 0001:00002BE4       @HandleAnyException
 0001:00002E98       @HandleFinally
 0001:00002D10       @HandleOnException
 0001:00005A10       @InitExe
 0001:00003F50       @Initialize
 0001:00003EBC       @InitializeArray
 0001:00003E8C       @InitializeRecord
 0001:00003244       @InitImports
 0001:0000321C       @InitResStringImports
 0001:00001AEC       @INT
 0001:000053A0       @IntfAddRef
 0001:00005374       @IntfCast
 0001:00005330       @IntfClear
 0001:00005348       @IntfCopy
 0001:00004570       @IntfDispCall
 0001:00002890       @IsClass
 0001:00002544       @isNECWindows
 0001:00003930       @LStrAddRef
 0001:000034B4       @LStrArrayClr
 0001:000034E4       @LStrAsg
 0001:00003750       @LStrCat
 0001:00003794       @LStrCat3
 0001:00003808       @LStrCatN
 0001:00003490       @LStrClr
 0001:0000388C       @LStrCmp
 0001:000039A0       @LStrCopy
 0001:000039E0       @LStrDelete
 0001:000036F8       @LStrFromArray
 0001:00003670       @LStrFromChar
 0001:00003680       @LStrFromPChar
 0001:00003580       @LStrFromPCharLen
 0001:000036B0       @LStrFromPWChar
 0001:000035E4       @LStrFromPWCharLen
 0001:000036EC       @LStrFromString
 0001:00003710       @LStrFromWStr
 0001:00003A28       @LStrInsert
 0001:00003528       @LStrLAsg
 0001:00003748       @LStrLen
 0001:00003A84       @LStrPos
 0001:00003ACC       @LStrSetLength
 0001:00003940       @LStrToPChar
 0001:00003724       @LStrToString
 0001:00004388       @New
 0001:00003554       @NewAnsiString
 0001:00003B58       @NewWideString
 0001:0000453C       @OleVarFromInt
 0001:0000452C       @OleVarFromLStr
 0001:00004534       @OleVarFromVar
 0001:0000225C       @Pow10
 0001:00001EC4       @PStrCmp
 0001:00001EA8       @PStrNCpy
 0001:00002EF8       @RaiseAgain
 0001:00002ED0       @RaiseExcept
 0001:00001798       @ReallocMem
 0001:00001B8C       @RewritText
 0001:00001B0C       @ROUND
 0001:00003464       @RunError
 0001:00002240       @SetEq
 0001:000021E8       @SetRange
 0001:000031DC       @StartExe
 0001:0000034C       @strlen
 0001:00002F7C       @TryFinallyExit
 0001:00003998       @UniqueStringA
 0001:00004778       @ValInt64
 0001:00001FD8       @ValLong
 0001:00004568       @VarAddRef
 0001:00004480       @VarCast
 0001:00004470       @VarClear
 0001:00004560       @VarClr
 0001:00004544       @VarCmpEQ
 0001:00004478       @VarCopy
 0001:000044EC       @VarFromBool
 0001:00004504       @VarFromCurr
 0001:00004524       @VarFromDisp
 0001:000044D0       @VarFromInt
 0001:000044D8       @VarFromInt64
 0001:0000451C       @VarFromIntf
 0001:0000450C       @VarFromLStr
 0001:000044F4       @VarFromReal
 0001:000044FC       @VarFromTDateTime
 0001:00004514       @VarFromWStr
 0001:00004550       @VarNeg
 0001:00004558       @VarNot
 0001:00004498       @VarToBool
 0001:000044A8       @VarToCurr
 0001:000044C8       @VarToDisp
 0001:00004488       @VarToInt
 0001:00004490       @VarToInt64
 0001:000044C0       @VarToIntf
 0001:000044B0       @VarToLStr
 0001:000044A0       @VarToReal
 0001:000044B8       @VarToWStr
 0001:000020E8       @WriteBytes
 0001:00003B30       @WriteLString
 0001:0000213C       @WriteSpaces
 0001:00003E6C       @WStrAddRef
 0001:00003B98       @WStrArrayClr
 0001:00003BBC       @WStrAsg
 0001:00003CF8       @WStrCat
 0001:00003B80       @WStrClr
 0001:00003D58       @WStrCmp
 0001:00003DDC       @WStrCopy
 0001:00003CCC       @WStrFromLStr
 0001:00003BE0       @WStrFromPCharLen
 0001:00003C90       @WStrFromPWChar
 0001:00003C6C       @WStrFromPWCharLen
 0001:00003CEC       @WStrLen
 0001:00003E28       @WStrSetLength
 0001:00003CDC       @WStrToPWChar
 0001:000021C4       @_CLenToPasStr
 0001:000021B8       @_CToPasStr
 0001:000018C0       @_IOTest
 0001:000045A4       @_lldiv
 0001:0000466C       @_llmod
 0001:00004580       @_llmul
 0001:00004738       @_llshl
 0001:00004620       @_lludiv
 0001:000046E8       @_llumod
 0001:00004758       @_llushr
 0001:0003799C       AbortProc
 0001:000590B0       AbsMin
 0001:0009469C       AbsoluteColToRef
 0001:000947C4       AbsoluteToRef
 0001:0000B7A8       AbstractErrorHandler
 0002:0000202C       AbstractErrorProc
 0002:00000144       AccessMode
 0001:00001828       AcquireExceptionObject
 0001:0001980C       ActivateClassGroup
 0001:00006110       ActivateKeyboardLayout
 0002:00002BF0       ActiveDrag
 0001:00017110       ActiveX
 0001:00041A54       ActnList
 0001:00000470       AddBlockAfter
 0002:000005AC       AddDataModule
 0001:0001DC84       AddFinished
 0001:000517F4       AddIn
 0001:00096968       AddItems
 0001:000051D4       AddModuleUnloadProc
 0001:000051C4       AddModuleUnloadProc
 0001:0001DCBC       AddNotFinished
 0001:000554D0       AddOle2
 0001:0002FA94       AdjustColor
 0001:0003D5EC       AdjustColors
 0001:000079DC       AdjustLineBreaks
 0001:00076444       AdjustLineBreaks
 0001:000448E8       Adjustment
 0001:00006118       AdjustWindowRectEx
 0002:00000A00       Alignments
 0002:000009C0       Alignments
 0002:00000CDC       Alignments
 0002:00000CCC       Alignments
 0002:00000A38       Alignments
 0001:0004B79C       AlignWork
 0001:0005E72C       AlignWork
 0001:00023A8C       AllocateHWnd
 0001:00007750       AllocMem
 0002:000025B4       AllocMemCount
 0002:000025B8       AllocMemSize
 0001:00035278       AllocPatternBitmap
 0001:0000596C       AllocTlsBuffer
 0001:0002123C       AncestorValid
 0002:00000D00       AnchorAlign
 0002:00000CF4       AnimateWindowProc
 0002:00000DFC       AnimationStyle
 0001:000078E4       AnsiCompareStr
 0001:0000791C       AnsiCompareText
 0001:0000804C       AnsiLastChar
 0001:00006120       AnsiLower
 0001:000078B0       AnsiLowerCase
 0001:0000BFC8       AnsiLowerCaseFileName
 0001:0000BF90       AnsiPos
 0001:00055F80       AnsiSameCaption
 0001:00007954       AnsiSameText
 0001:0000796C       AnsiStrLIComp
 0001:0000C054       AnsiStrPos
 0001:0000C0F4       AnsiStrRScan
 0001:0000C11C       AnsiStrScan
 0001:000057C8       AnsiToUtf8
 0001:00012CF4       AnyOp
 0001:000121A0       AnyToIntf
 0001:000095F8       AppendChars
 0001:000099BC       AppendFormat
 0001:0000965C       AppendNumber
 0001:0000963C       AppendString
 0002:00002B80       Application
 0002:000005BC       ApplicationHandleException
 0002:000005C4       ApplicationShowException
 0002:00000BE0       AppVisible
 0002:00000F50       Arrangements
 0001:0000B78C       AssertErrorHandler
 0002:00002024       AssertErrorProc
 0001:000164A8       AssignLongStr
 0001:00016B24       AssignVariant
 0002:00000F58       AutoArrange
 0002:00000EF0       AutoExpandStyles
 0002:00002608       avail
 0001:0008D2BC       AxCtrls
 0001:00008180       BackfillGetDiskFreeSpaceEx
 0001:0005BC54       BackgroundClipped
 0002:00000438       BaseTypeMap
 0001:00019BE0       BeginGlobalLoading
 0001:00006128       BeginPaint
 0001:0002FAA0       BetterSize
 0001:000525D8       BiDiDraw
 0001:0002278C       BinToHex
 0001:00005E88       BitBlt
 0002:00000E50       BitBtnCaptions
 0002:00002C44       BitBtnGlyphs
 0002:00000968       BitmapCanvasList
 0002:00002A58       BitmapImageLock
 0002:00000664       BlockCode
 0002:000025E0       blockDescBlockList
 0002:000025E4       blockDescFreeList
 0002:00000590       BooleanIdents
 0001:00011510       BoolToWStrViaOS
 0002:000009B8       BorderStyles
 0002:00000EA8       BorderStyles
 0002:00000A30       BorderStyles
 0002:00000F30       BorderStyles
 0002:00000B1C       BorderStyles
 0002:000010B8       BORDER_ATTRIB_NAMES
 0001:00018B28       Bounds
 0001:00005B40       Bounds
 0002:00000C74       Breaks
 0002:00002A90       BrushManager
 0001:00054CE8       BuildImage
 0002:00000A8C       ButtonCaptions
 0002:00001104       ButtonMap
 0002:00000A60       ButtonNames
 0001:00067AE8       Buttons
 0002:00000CF0       Buttons
 0002:00000FDC       ButtonStates
 0002:00000EC0       ButtonStyles
 0002:00000FEC       ButtonStyles
 0001:0002F280       BytesPerScanline
 0001:0002F5D8       ByteSwapColors
 0001:0000BD44       ByteToCharIndex
 0001:0000BD1C       ByteToCharLen
 0001:0000BCE0       ByteType
 0001:0000BC68       ByteTypeTest
 0002:00000EA0       cAddMode
 0001:000239C8       CalcJmpOffset
 0001:0007FF5C       CalcSize
 0001:00066178       CalcSplitterPos
 0001:00027A5C       CallerAddr
 0001:0008EB44       CallEventMethod
 0001:00006130       CallNextHookEx
 0001:0000C7E8       CallTerminateProcs
 0001:00006138       CallWindowProc
 0001:0005A0D0       CancelDrag
 0002:00002C04       CanvasList
 0002:00002A94       CanvasList
 0002:00000A4C       Captions
 0002:00000DB8       CaptureControl
 0002:00000C14       cBooleanToItemAutoFlag
 0002:000004B8       CBooleanToRelationship
 0001:00005B5C       CenterPoint
 0002:00002B5A       CF_COMPONENT
 0002:00002B58       CF_PICTURE
 0002:00002870       ChangeAnyProc
 0001:00058688       ChangeBiDiModeAlignment
 0002:000009E0       CharCases
 0001:000035B0       CharFromWChar
 0001:0000BF18       CharLength
 0001:00006140       CharLowerBuff
 0001:00006148       CharNext
 0001:000002C4       CharNext
 0001:0002DAB8       CharsetToIdent
 0001:0000BE2C       CharToByteIndex
 0001:0000BE90       CharToByteLen
 0001:00030068       CheckBool
 0001:000701EC       CheckCommonControl
 0001:00002B60       CheckJmp
 0001:00006150       CheckMenuItem
 0002:00000C64       Checks
 0001:00022820       CheckSynchronize
 0001:00044304       CheckTaskWindow
 0001:00012D80       CheckType
 0001:00013778       CheckType
 0001:00059D84       CheckUndock
 0001:0000BC48       CheckWin32Version
 0001:00006158       ChildWindowFromPoint
 0002:00000450       CInvalidCustomVariantType
 0002:00000C18       cItemAutoFlagToBoolean
 0002:00000C10       cItemAutoFlagToMenu
 0001:00023C10       Classes
 0001:0008814C       ClassIDToProgID
 0001:000195D0       ClassNotFound
 0002:0000286C       ClearAnyProc
 0001:0002D2CC       ClearColor
 0001:00088C60       ClearExcepInfo
 0001:0002BBC8       ClearRegistry
 0001:000157F8       ClearVariantTypeList
 0001:00006160       ClientToScreen
 0001:0006371C       ClientToWindow
 0001:0003F12C       Clipboard
 0002:00000960       ClipboardFormats
 0001:0003F1E4       Clipbrd
 0001:00006168       CloseClipboard
 0001:00005E90       CloseEnhMetaFile
 0001:00005C18       CloseHandle
 0001:00000264       CloseHandle
 0001:00037838       ClosePrinter
 0002:00002040       CmdLine
 0002:0000203C       CmdShow
 0002:00000C0C       cMenuAutoFlagToItem
 0002:000004C4       CmpTypeMap
 0002:0000104C       CoAddRefServerProcess
 0001:0001707C       CoCreateInstance
 0002:00001044       CoCreateInstanceEx
 0002:00000F20       Codes
 0002:00000FAC       Codes
 0001:00017074       CoGetClassObject
 0002:0000105C       CoInitFlags
 0001:00017064       CoInitialize
 0002:00001048       CoInitializeEx
 0001:00019E9C       CollectionsEqual
 0002:000006E0       Colors
 0001:0002D8B0       ColorToIdent
 0001:0002D824       ColorToRGB
 0001:0002D834       ColorToString
 0002:000010B0       COLOR_ATTRIB_NAMES
 0002:00000F80       ColumnClicks
 0001:00005E98       CombineRgn
 0002:00001024       ComboBoxExStyles
 0002:00001030       ComboExStyles
 0002:00002CCC       ComClassManagerVar
 0001:00087DC0       ComConst
 0002:00002AD8       ComCtl32DLL
 0002:00002C94       ComCtlVersion
 0001:00083840       ComCtrls
 0002:00002BB0       CommandPool
 0001:00036760       CommCtrl
 0001:0003C1A0       CommDlg
 0001:00000750       Commit
 0002:00002624       committedRoot
 0001:00088F28       ComObj
 0001:00050DD8       CompareFront
 0001:00007818       CompareMem
 0001:000972C0       CompareRngs
 0001:000077E8       CompareStr
 0001:00005C20       CompareString
 0001:00007838       CompareText
 0001:00007DC4       CompareWith
 0001:0001E6A4       ComponentCreated
 0001:0002FE38       ComputeAldusChecksum
 0001:00067A10       ComStrs
 0001:0002BFA4       Consts
 0001:00035F0C       Contnrs
 0002:00002BC2       ControlAtom
 0002:00002BC8       ControlAtomString
 0001:000490CC       ControlHasHelp
 0001:00066E14       Controls
 0002:00000E9C       ConversionFormatList
 0002:000005E0       Convert
 0002:000005F0       Convert
 0001:0000B1A4       ConvertAddr
 0001:0000974C       ConvertEraString
 0001:0000772C       ConvertErrorFmt
 0001:0007AA64       ConvertFlags
 0001:0007A8D4       ConvertMask
 0001:0007AA88       ConvertStates
 0001:000098B4       ConvertYearString
 0001:000049AC       CopyArray
 0001:0003285C       CopyBitmap
 0001:00032F24       CopyBitmapAsMask
 0001:00005EA0       CopyEnhMetaFile
 0001:00032EC0       CopyPalette
 0001:00053D94       CopyToBest
 0002:00001050       CoReleaseServerProcess
 0002:00001054       CoResumeClassObjects
 0002:00001058       CoSuspendClassObjects
 0001:00017094       CoTaskMemFree
 0001:0001706C       CoUninitialize
 0001:0000BD9C       CountChars
 0002:00002A70       CounterLock
 0001:0000B6D0       CreateAssertException
 0001:0000B858       CreateAVObject
 0001:00005EA8       CreateBitmap
 0001:00005EB0       CreateBrushIndirect
 0001:00099D74       CreateColorItem
 0001:00088178       CreateComObject
 0001:00005EB8       CreateCompatibleBitmap
 0001:00005EC0       CreateCompatibleDC
 0001:0001E724       CreateComponent
 0001:00005EC8       CreateDC
 0001:00005ED8       CreateDIBitmap
 0001:00005ED0       CreateDIBSection
 0001:00005EE0       CreateEnhMetaFile
 0001:00005C28       CreateEvent
 0001:00005C30       CreateFile
 0001:0000026C       CreateFileA
 0001:00005EE8       CreateFontIndirect
 0001:00005EF0       CreateHalftonePalette
 0001:00005EF8       CreateIC
 0001:00006170       CreateIcon
 0001:0000B5FC       CreateInOutError
 0001:00006178       CreateMenu
 0001:00005F00       CreatePalette
 0001:00005F08       CreatePenIndirect
 0001:00006180       CreatePopupMenu
 0001:00092A14       CreateReader
 0001:00005F10       CreateRectRgn
 0001:000881B0       CreateRemoteComObject
 0001:00005F18       CreateSolidBrush
 0001:000170B4       CreateStreamOnHGlobal
 0001:0002F630       CreateSystemPalette
 0001:00005C38       CreateThread
 0001:000066D4       CreateWindow
 0001:00006188       CreateWindowEx
 0002:00000A44       CreationControl
 0002:00000CF8       CreationControl
 0002:0000057C       CRelationshipToBoolean
 0002:0000110C       CServerData
 0002:00001074       CServerData
 0002:0000013C       cSimpleBoolStrs
 0002:00000528       CText
 0002:00000E48       Ctl3DStyles
 0002:00000DF4       Ctl3DStyles
 0002:0000261C       curAlloc
 0001:0001383C       CurrCompare
 0002:00002738       CurrencyDecimals
 0002:00002734       CurrencyFormat
 0002:00002730       CurrencyString
 0001:000095E4       CurrentYear
 0001:000114A8       CurrToWStrViaOS
 0002:00000B58       CursorMap
 0002:00000D08       Cursors
 0001:00058984       CursorToIdent
 0002:00000B48       cUseAlpha
 0002:00000B50       cUseColorKey
 0002:00001018       CustomizeStyles
 0002:00000314       CVarTypeToElementInfo
 0002:0000017C       CWNear
 0001:00024EE8       DataTypeToRegData
 0001:00013814       DateCompare
 0001:00012E44       DateOp
 0002:00002739       DateSeparator
 0001:0000A260       DateTimeToStr
 0001:0000A14C       DateTimeToString
 0001:0000923C       DateTimeToTimeStamp
 0001:0000A230       DateToStr
 0001:000114DC       DateToWStrViaOS
 0001:000095BC       DayOfWeek
 0002:00000178       DCon10
 0002:000006DC       DDBsOnly
 0001:00023B40       DeallocateHWnd
 0002:00000014       DebugHook
 0002:00002737       DecimalSeparator
 0001:0001511C       DecIndices
 0001:0000959C       DecodeDate
 0001:00009450       DecodeDateFully
 0001:000092F0       DecodeTime
 0001:000007E4       Decommit
 0001:00000E00       DecommitFree
 0002:000025F8       decommittedRoot
 0001:00046E20       Default
 0001:0004C390       Default
 0002:0000000C       Default8087CW
 0002:00000CFC       DefaultDockTreeClass
 0001:00079334       DefaultListViewSort
 0002:00000020       DefaultTextLineBreakStyle
 0001:00070360       DefaultTreeViewSort
 0002:00000930       DefBrushData
 0002:000006B0       DefFontData
 0001:00006190       DefFrameProc
 0002:00000208       DefLongDayNames
 0002:000001BC       DefLongMonthNames
 0001:00006198       DefMDIChildProc
 0002:00000910       DefPenData
 0002:000001EC       DefShortDayNames
 0002:0000018C       DefShortMonthNames
 0001:000061A0       DefWindowProc
 0001:00004D18       DelayLoadResourceModule
 0001:000004A0       DeleteBlock
 0001:00005C40       DeleteCriticalSection
 0001:00000410       DeleteCriticalSection
 0001:00005F20       DeleteDC
 0001:00005F28       DeleteEnhMetaFile
 0001:00005C48       DeleteFile
 0001:00008034       DeleteFile
 0001:00000C48       DeleteFree
 0001:000061A8       DeleteMenu
 0001:00005F30       DeleteObject
 0001:00032418       DeselectBitmap
 0001:000061B0       DestroyCursor
 0001:000061B8       DestroyIcon
 0001:00067A18       DestroyLocals
 0001:000061C0       DestroyMenu
 0001:000061C8       DestroyWindow
 0001:0003FD98       DialogEnumerationTester
 0001:0003EB1C       Dialogs
 0002:0000096C       DIBPalSizes
 0002:0000007C       dig
 0002:00000F98       Directions
 0001:00044158       DisableTaskWindows
 0001:00088674       DispatchInvoke
 0001:00088C54       DispatchInvokeError
 0001:000061D0       DispatchMessage
 0001:0004A334       DispatchShortCut
 0001:00088C70       DispCall
 0001:00088D54       DispCallByID
 0002:00002000       DispCallByIDProc
 0001:00088B80       DispCallError
 0002:000010F0       DispIDArgs
 0002:000010E0       DispParams
 0001:00007710       DivMod
 0001:0003E4E4       Dlgs
 0001:0005E5BC       DoAlign
 0001:0004B650       DoAlign
 0001:00086DA8       DoApply
 0001:00062550       DoCalcConstraints
 0002:00002BF8       DockSiteList
 0001:000549B4       DoClick
 0001:0005FC44       DoControlMsg
 0001:00037840       DocumentProperties
 0001:00044108       DoDisableWindow
 0001:000596B0       DoDragOver
 0001:0006444C       DoFindControlZone
 0001:00044244       DoFindWindow
 0001:000649D8       DoFindZone
 0001:000644D0       DoForEach
 0001:00065DDC       DoGetNextLimit
 0001:000440D0       DoneApplication
 0001:00066B3C       DoneControls
 0001:0000BB84       DoneExceptions
 0001:00048728       DoNestedActivation
 0001:0005E17C       DoPosition
 0001:0004B4A0       DoPosition
 0001:00065404       DoPrune
 0001:0003D0AC       DoRect
 0001:000658DC       DoSaveZone
 0001:00065AE0       DoSetNewBounds
 0002:00000598       DotSep
 0002:00000FF8       DownMessage
 0001:00031060       DoWrite
 0001:0001BD14       DoWrite
 0001:0004F53C       DoWrite
 0001:000302C0       DoWrite
 0001:0005F2B4       DoWriteDesignSize
 0001:0005CD54       DoWriteIsControl
 0002:00002BDC       DragCapture
 0002:00002BD0       DragControl
 0001:00059DF8       DragDone
 0001:00059660       DragFindTarget
 0001:00059634       DragFindWindow
 0002:00002BF4       DragImageList
 0001:00059A50       DragInit
 0001:00059BC0       DragInitControl
 0002:00002BD8       DragInternalObject
 0001:00059594       DragMessage
 0002:00002BD4       DragObject
 0002:00002C00       DragSave
 0002:00002BE8       DragSaveCursor
 0002:00002BE0       DragStartPos
 0002:00000ED8       DragStyles
 0002:00002BEC       DragThreshold
 0001:00059780       DragTo
 0001:0004C3CC       DrawAppIcon
 0001:00064F70       DrawCloseButton
 0001:000061D8       DrawEdge
 0001:000061E0       DrawFrameControl
 0001:00064FC8       DrawGrabberLine
 0001:000061E8       DrawIcon
 0001:000061F0       DrawIconEx
 0002:00000BE8       DrawingStyles
 0001:000061F8       DrawMenuBar
 0001:00055D9C       DrawMenuItem
 0001:00006200       DrawText
 0001:0002F100       DupBits
 0001:000150C8       DynArrayBounds
 0001:000049C4       DynArrayClear
 0001:00015040       DynArrayDim
 0001:00015024       DynArrayElTypeInfo
 0001:0001551C       DynArrayFromVariant
 0001:00014FE4       DynArrayIndex
 0001:000049CC       DynArraySetLength
 0001:00015058       DynArraySize
 0001:00015208       DynArrayToVariant
 0001:00015188       DynArrayVariantBounds
 0001:000151E0       DynArrayVarType
 0001:0002B9F4       EBreakingTestFailure.Create
 0002:00000CD4       EdgeStyle
 0002:00000DE4       EdgeStyles
 0002:00000EC8       EditStyles
 0002:00000F38       EditStyles
 0001:0000B5D0       EHeapException.FreeInstance
 0002:000009FC       Empty
 0002:00000F08       Empty
 0001:00006208       EmptyClipboard
 0001:00013720       EmptyCompare
 0002:00002858       EmptyParam
 0002:00002D14       EmptyParam
 0002:000000A4       EmptyStr
 0002:000006A8       EmptyTestList
 0002:000000A8       EmptyWideStr
 0001:00006210       EnableMenuItem
 0002:00000C6C       Enables
 0001:00006218       EnableScrollBar
 0001:0004420C       EnableTaskWindows
 0001:00006220       EnableWindow
 0001:00005F38       EndDoc
 0001:00019C68       EndGlobalLoading
 0001:00005F40       EndPage
 0001:00006228       EndPaint
 0001:00005C50       EnterCriticalSection
 0001:00000400       EnterCriticalSection
 0001:00005C58       EnumCalendarInfoA
 0001:00006230       EnumClipboardFormats
 0002:00002AB8       EnumDisplayMonitors
 0001:0000AE18       EnumEraNames
 0001:0000AE54       EnumEraYearOffsets
 0001:0004731C       EnumMonitorsProc
 0001:00037848       EnumPrinters
 0001:00006238       EnumThreadWindows
 0001:00006240       EnumWindows
 0001:00088054       EOleException.Create
 0001:00087F84       EOleSysError.Create
 0001:00006248       EqualRect
 0002:00002800       EraNames
 0001:0000A4D8       EraToYear
 0002:0000281C       EraYearOffsets
 0002:00000074       errCaption
 0001:0001D810       Error
 0001:00019194       Error
 0001:000018B4       Error
 0001:00050B28       Error
 0002:00000004       ErrorAddr
 0001:00001868       ErrorAt
 0001:0000B67C       ErrorHandler
 0002:00000224       ErrorMap
 0002:00002008       ErrorProc
 0002:000023E8       ErrOutput
 0001:0002B980       ETestFailure.Create
 0001:0008ACAC       Excel97
 0001:0009B37C       ExcelTestProjectD6
 0001:0009B0A4       ExcelTests
 0001:00001808       ExceptAddr
 0002:0000200C       ExceptClsProc
 0001:0000BAF0       ExceptHandler
 0001:0000B3FC       Exception.Create
 0001:0000B438       Exception.CreateFmt
 0001:0000B588       Exception.CreateHelp
 0001:0000B4B8       Exception.CreateRes
 0001:0000B4F4       Exception.CreateResFmt
 0002:0000201C       ExceptionClass
 0001:0000B1B0       ExceptionErrorMessage
 0002:0000025C       ExceptMap
 0001:000017E8       ExceptObject
 0002:00002010       ExceptObjProc
 0002:00002004       ExceptProc
 0001:00005F48       ExcludeClipRect
 0002:00000000       ExitCode
 0001:000032C4       ExitDll
 0002:00002048       ExitProc
 0001:000002CC       ExitProcess
 0002:00002028       ExitProcessProc
 0001:00067C04       ExtActns
 0001:0003E490       ExtCtrls
 0001:00067B40       ExtDlgs
 0001:00008138       ExtractFileExt
 0001:00008100       ExtractFileName
 0001:000080CC       ExtractFilePath
 0001:00005F50       ExtTextOut
 0002:0000283C       FalseBoolStrs
 0002:00002B60       FClipboard
 0002:0000016C       FCon1E18
 0001:00037950       FetchStr
 0001:00007FBC       FileAge
 0001:00007FB4       FileClose
 0001:00007EF8       FileCreate
 0001:00007F1C       FileCreate
 0001:00008024       FileExists
 0002:00000964       FileFormats
 0002:00000008       FileMode
 0001:00001BD4       FileNOPProc
 0001:00007E9C       FileOpen
 0001:00007F24       FileRead
 0002:000005D4       FilerSignature
 0001:00007F7C       FileSeek
 0001:00005C60       FileTimeToDosDateTime
 0001:00005C68       FileTimeToLocalFileTime
 0001:00007F50       FileWrite
 0001:00000D30       FillAfterGap
 0001:00000CDC       FillBeforeGap
 0001:00000DC8       FillerSizeAfterGap
 0001:00000D58       FillerSizeBeforeGap
 0001:00006250       FillRect
 0001:000387CC       Finalization
 0001:00067BB4       Finalization
 0001:000696CC       Finalization
 0001:00041A24       Finalization
 0001:00024C3C       Finalization
 0001:000170E0       Finalization
 0001:00016D88       Finalization
 0001:0008BAD0       Finalization
 0001:000942B4       Finalization
 0001:000967B4       Finalization
 0001:0003FFC8       Finalization
 0001:0003F3A4       Finalization
 0001:00038AF0       Finalization
 0001:00005A54       Finalization
 0001:0003F23C       Finalization
 0001:0003F1A8       Finalization
 0001:00005B88       Finalization
 0001:00096454       Finalization
 0001:0008B4E4       Finalization
 0001:0003C020       Finalization
 0001:00089858       Finalization
 0001:0008AC7C       Finalization
 0001:0003EAC0       Finalization
 0001:0003E4B4       Finalization
 0001:00023B68       Finalization
 0001:00089890       Finalization
 0001:0003C058       Finalization
 0001:000898C8       Finalization
 0001:0003E460       Finalization
 0001:0003C090       Finalization
 0001:0003C0C8       Finalization
 0001:0003C100       Finalization
 0001:0008980C       Finalization
 0001:00067B5C       Finalization
 0001:00005870       Finalization
 0001:00088FA8       Finalization
 0001:00037858       Finalization
 0001:00088EA8       Finalization
 0001:00015FDC       Finalization
 0001:00015C48       Finalization
 0001:000377F0       Finalization
 0001:00067B10       Finalization
 0001:00067AB0       Finalization
 0001:00036768       Finalization
 0001:00036730       Finalization
 0001:00026BA4       Finalization
 0001:0009427C       Finalization
 0001:00097B54       Finalization
 0001:00035EDC       Finalization
 0001:00035BC8       Finalization
 0001:0000D5C8       Finalization
 0001:0009861C       Finalization
 0001:000679E0       Finalization
 0001:00067970       Finalization
 0001:00066EA4       Finalization
 0001:0008D25C       Finalization
 0001:000996F0       Finalization
 0001:000352B0       Finalization
 0001:00087D90       Finalization
 0001:00066DAC       Finalization
 0001:00093700       Finalization
 0001:00087D30       Finalization
 0001:00006B48       Finalization
 0001:0002BBD8       Finalization
 0001:000999B8       Finalization
 0001:00006800       Finalization
 0001:0002BC54       Finalization
 0001:0002BF74       Finalization
 0001:0004E3F0       Finalization
 0001:000837C8       Finalization
 0001:0000D444       Finalization
 0001:0000D244       Finalization
 0001:0009AF18       Finalization
 0001:0009B074       Finalization
 0001:0009B0AC       Finalization
 0001:0004FBC4       Finalization
 0001:0009068C       Finalization
 0001:00090FD0       Finalization
 0001:00091164       Finalization
 0001:000929DC       Finalization
 0001:0003C170       Finalization
 0001:0005607C       Finalization
 0001:00092AE8       Finalization
 0001:0003C138       Finalization
 0001:000049BC       FinalizeArray
 0001:0000311C       FinalizeUnits
 0001:00054774       Find
 0001:000209AC       FindAncestor
 0001:00004D88       FindBS
 0001:000817CC       FindButton
 0001:00019690       FindClass
 0001:00004D10       FindClassHInstance
 0001:000002DC       FindClose
 0001:00005C70       FindClose
 0001:00000CAC       FindCommitted
 0001:00058784       FindControl
 0001:00064C04       FindControlAtPos
 0001:00015AA0       FindCustomVariantType
 0001:00015B58       FindCustomVariantType
 0001:0005A11C       FindDragTarget
 0001:0001E8D4       FindExistingComponent
 0001:00005C78       FindFirstFile
 0001:000002E4       FindFirstFile
 0001:00019AF8       FindGlobalComponent
 0001:00044350       FindGlobalComponent
 0002:000029FC       FindGlobalComponentProcs
 0001:00004CE8       FindHInstance
 0001:000199A0       FindIdentToInt
 0001:00019924       FindIntToIdent
 0002:00002B54       FindMsg
 0001:0001DBBC       FindNestedComponent
 0001:00050AF0       FindPopupControl
 0001:00005C80       FindResource
 0001:00004D60       FindResourceHInstance
 0001:0004DC58       FindScanline
 0001:000442A8       FindTopMostWindow
 0001:0001F744       FindUniqueName
 0001:00014944       FindVarData
 0001:0005A0E8       FindVCLWindow
 0001:00006258       FindWindow
 0001:0003FDF0       FindWinHelp
 0001:00032810       FixupBitFields
 0002:00000CE4       Flags
 0002:0000284C       FLanguages
 0001:00038B20       FlatSB
 0002:00002AF4       FlatSB_EnableScrollBar
 0002:00002B00       FlatSB_GetScrollInfo
 0002:00002B04       FlatSB_GetScrollPos
 0002:00002AFC       FlatSB_GetScrollRange
 0002:00002B0C       FlatSB_SetScrollInfo
 0002:00002B08       FlatSB_SetScrollPos
 0001:00038810       FlatSB_SetScrollProp
 0002:00002B10       FlatSB_SetScrollRange
 0002:00002AF8       FlatSB_ShowScrollBar
 0002:00001008       FlatStyles
 0001:00009118       FloatToCurr
 0001:0000A1F0       FloatToDateTime
 0001:00008D58       FloatToDecimal
 0001:00009098       FloatToStr
 0001:00008A80       FloatToText
 0001:00001E38       Flush
 0002:00000180       FMSecsPerDay
 0001:0000897C       FmtStr
 0002:00000AC0       FocusCount
 0002:00000ABC       FocusMessages
 0002:00000880       FontCharsets
 0002:00002A88       FontManager
 0001:0008DB30       FontToOleFont
 0002:000010C8       FONT_ATTRIB_NAMES
 0001:00044324       ForegroundTask
 0001:00008968       Format
 0002:00000188       Format
 0001:000084D4       FormatBuf
 0001:000084C8       FormatClearStr
 0001:00085DF4       FormatElapsedTime
 0001:0000845C       FormatError
 0002:00000164       FormatErrorStrs
 0001:00005C88       FormatMessage
 0001:000084B4       FormatVarToStr
 0001:0004E44C       Forms
 0001:00002254       FPower10
 0002:000009B4       FPrinter
 0001:0003D170       Frame3D
 0001:00006260       FrameRect
 0001:0000CE24       FreeAndNil
 0001:00000A18       FreeCommitted
 0001:00000F38       FreeCurAlloc
 0001:0005A1DC       FreeDeviceContext
 0001:0005A298       FreeDeviceContexts
 0001:00023934       FreeIntConstList
 0001:00005C90       FreeLibrary
 0001:000002EC       FreeLibrary
 0001:0008DF78       FreeList
 0001:0003236C       FreeMemoryContexts
 0001:00023A68       FreeObjectInstance
 0001:00005C98       FreeResource
 0001:00000698       FreeSpace
 0001:0000C804       FreeTerminateProcs
 0002:00002C90       FRichEditModule
 0001:0002F0F0       GDICheck
 0001:0002F048       GDIError
 0001:00005CA0       GetACP
 0001:000170C4       GetActiveObject
 0001:00006268       GetActiveWindow
 0001:0004BB2C       GetAnimation
 0001:00005F58       GetBitmapBits
 0001:00000418       GetBlockDesc
 0001:00005F60       GetBrushOrgEx
 0001:00006270       GetCapture
 0001:00058A2C       GetCaptureControl
 0001:0001963C       GetClass
 0001:00006278       GetClassInfo
 0001:00006280       GetClassName
 0001:00006288       GetClientRect
 0001:00006290       GetClipboardData
 0001:00030AC8       GetClipboardFormats
 0001:00005F68       GetClipBox
 0001:000003B4       GetCmdShow
 0001:0004E684       GetColor
 0001:00070214       GetComCtlVersion
 0001:000002F4       GetCommandLine
 0001:00000864       GetCommitted
 0001:000008F4       GetCommittedAt
 0001:000217F4       GetComponentValue
 0001:00005CB0       GetComputerName
 0001:0005F7F8       GetControlAtPos
 0001:000096A8       GetCount
 0001:00005CA8       GetCPInfo
 0001:00005F70       GetCurrentPositionEx
 0001:00005CB8       GetCurrentProcessId
 0001:000003AC       GetCurrentThreadId
 0001:00005CC0       GetCurrentThreadId
 0001:00006648       GetCurrentTime
 0001:00006298       GetCursor
 0001:0004DC68       GetCursorHeightMargin
 0001:000062A0       GetCursorPos
 0001:000096D4       GetDate
 0001:00005CC8       GetDateFormat
 0001:0000A3F0       GetDateOrder
 0001:000062A8       GetDC
 0001:000062B0       GetDCEx
 0001:00005F78       GetDCOrgEx
 0001:00034EC0       GetDefFontCharSet
 0001:0001B2C4       GetDesigner
 0001:000062B8       GetDesktopWindow
 0001:00005F90       GetDeviceCaps
 0001:00030050       GetDIB
 0001:00005F80       GetDIBColorTable
 0001:00005F88       GetDIBits
 0001:0002FF98       GetDIBSizes
 0001:0002F260       GetDInColors
 0001:00005CD0       GetDiskFreeSpaceA
 0002:00000138       GetDiskFreeSpaceEx
 0001:00065EBC       GetDockAlign
 0001:000593D8       GetDockSiteAtPos
 0001:000596EC       GetDropCtl
 0001:000028D0       GetDynaMethod
 0001:00005F98       GetEnhMetaFileBits
 0001:00005FA0       GetEnhMetaFileDescription
 0001:00005FA8       GetEnhMetaFileHeader
 0001:00005FB0       GetEnhMetaFilePaletteEntries
 0001:0001604C       GetEnumName
 0001:00016140       GetEnumNameValue
 0001:0001618C       GetEnumValue
 0001:0000AECC       GetEraNamesAndYearOffsets
 0001:0000A484       GetEraYearOffset
 0001:000170CC       GetErrorInfo
 0001:0009AF50       GetExcelTestSuite
 0001:0000B840       GetExceptionClass
 0001:0000BA24       GetExceptionObject
 0001:000195C4       GetFieldClassTable
 0001:00030AA8       GetFileFormats
 0001:0000027C       GetFileSize
 0001:00000274       GetFileType
 0001:00005E70       GetFileVersionInfo
 0001:00005E78       GetFileVersionInfoSize
 0001:00016814       GetFloatProp
 0001:000062C0       GetFocus
 0001:0008BFF8       GetFontAccess
 0001:0002DAD8       GetFontData
 0001:000062C8       GetForegroundWindow
 0001:0000C3BC       GetFormatSettings
 0001:0002CFC8       GetHashCode
 0001:00049104       GetHelpInfo
 0001:00036BFC       GetHelpSystem
 0001:0004B910       GetHint
 0001:0004B948       GetHintControl
 0001:00055F1C       GetHotkey
 0001:000062D0       GetIconInfo
 0001:000889EC       GetIDsOfNames
 0001:0007F178       GetImageBitmap
 0001:00016C30       GetInt64Prop
 0001:00016C94       GetInterfaceProp
 0001:000062E8       GetKeyboardLayout
 0001:000062F0       GetKeyboardLayoutList
 0001:000062F8       GetKeyboardState
 0001:0000253C       GetKeyboardType
 0001:000062D8       GetKeyNameText
 0001:000062E0       GetKeyState
 0001:00006300       GetLastActivePopup
 0001:00064184       GetLastChildZone
 0001:000002FC       GetLastError
 0001:00005CD8       GetLastError
 0001:00078F90       GetLength
 0001:0000AC90       GetLocaleChar
 0001:00000304       GetLocaleInfo
 0001:00005CE8       GetLocaleInfo
 0001:0000AC44       GetLocaleStr
 0001:00005CE0       GetLocalTime
 0001:000589E8       GetLongHint
 0001:000164BC       GetLongStrProp
 0001:00006308       GetMenu
 0001:0004908C       GetMenuHelpContext
 0001:00006310       GetMenuItemCount
 0001:00006318       GetMenuItemID
 0001:00006320       GetMenuItemInfo
 0001:00052FC0       GetMenuSize
 0001:00006328       GetMenuState
 0001:00006330       GetMenuString
 0001:00006338       GetMessagePos
 0001:00006340       GetMessageTime
 0001:00016BB8       GetMethodProp
 0001:0000030C       GetModuleFileName
 0001:00005CF0       GetModuleFileName
 0001:00005CF8       GetModuleHandle
 0001:00000314       GetModuleHandle
 0001:0000594C       GetModuleHandle
 0002:00002AAC       GetMonitorInfo
 0002:00002AB0       GetMonitorInfoA
 0002:00002AB4       GetMonitorInfoW
 0001:0000ACF4       GetMonthDayNames
 0001:00006348       GetNextWindow
 0001:00005FB8       GetObject
 0001:0008C098       GetOleFont
 0001:0008C150       GetOlePicture
 0001:000162E4       GetOrdProp
 0001:00005FC0       GetPaletteEntries
 0001:00001994       GetParamStr
 0001:00006350       GetParent
 0001:0004453C       GetParentForm
 0001:0008C048       GetPictureAccess
 0001:00005FC8       GetPixel
 0001:00005D00       GetPrivateProfileString
 0001:00005D08       GetProcAddress
 0001:0000031C       GetProcAddress
 0001:00005D10       GetProfileString
 0001:00006358       GetProp
 0001:000161F0       GetPropInfo
 0001:00016260       GetPropInfos
 0001:00094A8C       GetRange
 0001:000948AC       GetRange
 0001:0009497C       GetRange
 0001:000449FC       GetRealScrollPosition
 0001:0004E664       GetRGBColor
 0001:00005FD0       GetRgnBox
 0001:00006360       GetScrollInfo
 0001:00006368       GetScrollPos
 0001:00006370       GetScrollRange
 0001:000589A4       GetShortHint
 0001:000163B4       GetShortStrProp
 0001:0001644C       GetShortStrPropAsLongStr
 0001:000005BC       GetSpace
 0001:00000620       GetSpaceAt
 0001:00050B80       GetSpecialName
 0001:00000324       GetStartupInfo
 0001:00000284       GetStdHandle
 0001:00005D18       GetStdHandle
 0001:00005FD8       GetStockObject
 0001:00005D20       GetStringTypeEx
 0001:000165EC       GetStrProp
 0001:00006378       GetSubMenu
 0001:00006380       GetSysColor
 0001:00005D28       GetSystemInfo
 0001:00006388       GetSystemMenu
 0001:00006390       GetSystemMetrics
 0002:00002A9C       GetSystemMetrics
 0001:00005FE0       GetSystemPaletteEntries
 0001:00005FE8       GetTextExtentPoint32
 0001:00005FF0       GetTextMetrics
 0001:0000032C       GetThreadLocale
 0001:00005D30       GetThreadLocale
 0001:00005D38       GetTickCount
 0001:0000970C       GetTime
 0001:00005978       GetTlsSize
 0001:0004C100       GetTopMostWindows
 0001:00058B34       GetTopParent
 0001:00006398       GetTopWindow
 0001:00016040       GetTypeData
 0001:000063A0       GetUpdateRect
 0001:00005D40       GetUserDefaultLCID
 0001:00014C60       GetVarArray
 0001:00014B1C       GetVarDataArrayInfo
 0001:00004440       GetVariantManager
 0001:00016B38       GetVariantProp
 0001:00005D48       GetVersion
 0001:00005D50       GetVersionEx
 0001:00016658       GetWideStrProp
 0001:0001653C       GetWideStrPropAsLongStr
 0001:000063A8       GetWindow
 0001:000063B0       GetWindowDC
 0001:000063B8       GetWindowLong
 0001:00006000       GetWindowOrgEx
 0001:000063C0       GetWindowPlacement
 0001:000063C8       GetWindowRect
 0001:000063D0       GetWindowText
 0001:000063D8       GetWindowThreadProcessId
 0001:000063E0       GetWindowThreadProcessId
 0001:00005FF8       GetWinMetaFileBits
 0001:00005D58       GlobalAddAtom
 0001:00005D60       GlobalAlloc
 0001:00006654       GlobalAllocPtr
 0001:00005D68       GlobalDeleteAtom
 0001:00005D70       GlobalFindAtom
 0002:00002A00       GlobalFixupList
 0001:0001DD04       GlobalFixupReferences
 0001:00005D78       GlobalFree
 0001:00006680       GlobalFreePtr
 0001:00005D88       GlobalHandle
 0001:00005D80       GlobalLock
 0002:000029E8       GlobalNameSpace
 0001:00005D90       GlobalReAlloc
 0001:00006664       GlobalReAllocPtr
 0001:00005D98       GlobalSize
 0001:00005DA0       GlobalUnlock
 0002:00002928       GOldVariantManager
 0001:00035384       Graphics
 0001:000197B8       GroupDescendentsWith
 0001:00088120       GUIDToString
 0002:0000059C       GUID_NULL
 0001:00087D60       GUITestRunner
 0002:0000287C       GVariantManager
 0001:0000E080       HandleConversionException
 0001:0001EF9C       HandleException
 0001:0008BFCC       HandleException
 0001:000399D0       HasPopup
 0002:00000010       HeapAllocFlags
 0002:000025C4       heapErrorCode
 0002:000025C8       heapLock
 0001:00037830       HelpIntfs
 0002:00002AE8       HelpManager
 0002:00002B50       HelpMsg
 0002:00002B78       HelpViewer
 0002:00000134       HexDisplayPrefix
 0001:000227C8       HexToBin
 0002:00000F0C       HideScrollBars
 0002:00000ED0       HideSelections
 0002:000009EC       HideSelections
 0002:00000F14       HideSelections
 0002:00000F48       HideSelections
 0001:00065F38       HideZone
 0001:0008CD68       HIMETRICtoDP
 0002:00002718       HInstance
 0002:00002B94       HintDoneEvent
 0001:0004BA18       HintGetMsgHook
 0002:00002B98       HintHook
 0001:0004B9BC       HintMouseThread
 0002:00002B9C       HintThread
 0002:00002B90       HintThreadID
 0001:0004B968       HintTimerProc
 0002:00000AB8       HintWindowClass
 0001:00006644       HiWord
 0001:0004BA5C       HookHintHooks
 0002:00000EF8       HotTrackStyles
 0001:00006708       HwndMSWheel
 0002:00000FC4       IAlignment
 0002:00000C88       IBreaks
 0002:00000C94       IChecks
 0002:00000C9C       IDefaults
 0001:0002DAC8       IdentToCharset
 0001:0002D8C0       IdentToColor
 0001:00058994       IdentToCursor
 0001:00019A1C       IdentToInt
 0002:00000CA4       IEnables
 0001:00053D64       IfHotkeyAvailable
 0001:00035FC8       ImageList_Add
 0001:00035FE8       ImageList_AddIcon
 0001:00036010       ImageList_BeginDrag
 0001:00035FB0       ImageList_Create
 0001:00035FB8       ImageList_Destroy
 0001:00036020       ImageList_DragEnter
 0001:00036028       ImageList_DragLeave
 0001:00036030       ImageList_DragMove
 0001:00036040       ImageList_DragShowNolock
 0001:00035FF8       ImageList_Draw
 0001:00036000       ImageList_DrawEx
 0001:00036018       ImageList_EndDrag
 0001:00035FE0       ImageList_GetBkColor
 0001:00036048       ImageList_GetDragImage
 0001:00036060       ImageList_GetIconSize
 0001:00035FC0       ImageList_GetImageCount
 0001:00036050       ImageList_Read
 0001:00036008       ImageList_Remove
 0001:00035FD0       ImageList_ReplaceIcon
 0001:00035FD8       ImageList_SetBkColor
 0001:00036038       ImageList_SetDragCursorImage
 0001:00036068       ImageList_SetIconSize
 0001:00036058       ImageList_Write
 0002:00000BF8       Images
 0001:0004FBF4       ImgList
 0001:00036798       Imm
 0002:00000E24       IMM32DLL
 0001:00066B28       Imm32IsIME
 0002:00000184       IMSecsPerDay
 0001:0000E514       InBounds
 0001:0000E16C       InBounds
 0001:0000E19C       Increment
 0001:0000E544       Increment
 0001:00035FF4       IndexToOverlayMask
 0001:000360B4       IndexToStateImageMask
 0001:000063E8       InflateRect
 0001:00024C84       IniFiles
 0001:00000AA4       InitAllocator
 0001:00035480       InitAnApi
 0002:00002AC4       InitApis
 0001:00035F1C       InitComCtl
 0001:000701C0       InitCommonControl
 0001:00035F14       InitCommonControls
 0001:00035F7C       InitCommonControlsEx
 0001:00088E30       InitComObj
 0001:00019CC4       InitComponent
 0002:00002634       InitContext
 0001:00066BC4       InitControls
 0001:00034F04       InitDefFontData
 0002:00001020       InitDone
 0001:0000C824       InitDriveSpacePtr
 0001:0000BB00       InitExceptions
 0001:0003886C       InitFlatSB
 0001:0003E96C       InitGlobals
 0001:0002FE50       InitializeBitmapInfoHeader
 0001:000003F8       InitializeCriticalSection
 0001:00005DA8       InitializeCriticalSection
 0002:000025C0       initialized
 0001:00038844       InitializeFlatSB
 0001:00005A04       InitializeModule
 0001:000667C8       InitIMM32
 0001:00019D6C       InitInheritedComponent
 0001:0000C1D0       InitLeadBytes
 0001:00035B5C       InitMultiMonStubs
 0001:0008D0B8       InitOlePro32
 0001:0000BBF0       InitPlatformId
 0002:00002044       InitProc
 0001:0004E364       InitProcs
 0001:00034E88       InitScreenLogPixels
 0001:0000C248       InitSysLocale
 0001:00005980       InitThreadTLS
 0001:00081B4C       InitToolMenuHooks
 0001:00081C4C       InitToolMenuKeyHooks
 0001:0000317C       InitUnits
 0001:00004420       InitVariantManager
 0001:0005869C       InitWndProc
 0002:00000E30       InnerStyles
 0002:00000DC4       InnerStyles
 0002:00002050       Input
 0001:0005E0F0       InsertBefore
 0001:0004B440       InsertBefore
 0001:00000EB0       InsertFree
 0001:00053E18       InsertHotkeyFarEastFormat
 0001:000063F0       InsertMenu
 0001:000063F8       InsertMenuItem
 0002:00002A20       InstBlockList
 0002:00002A24       InstFreeList
 0001:000137B0       Int64Compare
 0001:00012FAC       Int64Op
 0001:0001379C       IntCompare
 0002:000029F4       IntConstList
 0001:00088314       InterfaceConnect
 0001:000883C0       InterfaceDisconnect
 0001:0000C88C       InterlockedDecrement
 0001:000003A4       InterlockedDecrement
 0001:0000C898       InterlockedExchange
 0001:0000C8A0       InterlockedExchangeAdd
 0001:0000039C       InterlockedIncrement
 0001:0000C880       InterlockedIncrement
 0001:00001C14       InternalClose
 0001:0002CF54       InternalDeletePalette
 0001:00001DF0       InternalFlush
 0001:00000D0C       InternalFreeMem
 0001:0002FFA0       InternalGetDIB
 0001:0002FF34       InternalGetDIBSizes
 0001:00019B5C       InternalReadComponentRes
 0001:0000394C       InternalUniqueString
 0001:00006008       IntersectClipRect
 0001:00006400       IntersectRect
 0001:00005AB0       IntersectRect
 0001:00012EA0       IntOp
 0001:00007C0C       IntToHex
 0001:00019A5C       IntToIdent
 0001:00007BA8       IntToStr
 0001:00007BD8       IntToStr
 0001:00006408       InvalidateRect
 0001:0002EFD0       InvalidBitmap
 0001:0002EFB8       InvalidGraphic
 0001:0002EFDC       InvalidIcon
 0001:0002EFE8       InvalidMetafile
 0001:0002EFA0       InvalidOperation
 0001:0008CE80       InvalidOperation
 0001:00018B50       InvalidPoint
 0001:00018B64       InvalidPoint
 0002:00002848       InvalidPointer
 0001:00002788       InvokeImplGetter
 0001:00001934       IOResult
 0002:00000CC4       IOwnerDraw
 0002:00000CAC       IRadios
 0002:00000CBC       IRTL
 0001:000444CC       IsAccel
 0001:00054FC8       IsAccelChar
 0001:000170AC       IsAccelerator
 0001:00027A14       IsBadPointer
 0001:00059190       IsBeforeTargetWindow
 0001:00006410       IsChild
 0002:0000204C       IsConsole
 0001:000216E8       IsDefault
 0001:00021964       IsDefault
 0001:00021DE8       IsDefaultValue
 0001:00021BF4       IsDefaultValue
 0001:00021650       IsDefaultValue
 0001:000215AC       IsDefaultValue
 0001:0002147C       IsDefaultValue
 0001:00021F20       IsDefaultValue
 0001:000595EC       IsDelphiHandle
 0001:00006418       IsDialogMessage
 0001:00015060       IsDynArrayRectangular
 0002:00000CB4       ISeparators
 0001:0001705C       IsEqualIID
 0001:00006420       IsIconic
 0001:00055024       IsInitialChar
 0001:0000934C       IsLeapYear
 0002:00002038       IsLibrary
 0001:00082054       IsMenuBar
 0002:0000204D       IsMultiThread
 0001:00063BE8       IsOrientationSet
 0001:00005B10       IsRectEmpty
 0001:00006428       IsRectEmpty
 0001:00024EA4       IsRelative
 0001:00059394       IsSiteChildOfClient
 0001:000162B4       IsStoredProp
 0001:00027AEC       isTestMethod
 0001:00081240       IsToolButtonMouseMsg
 0001:00019B38       IsUniqueGlobalComponentName
 0002:000029EC       IsUniqueGlobalComponentNameProc
 0001:00007B44       IsValidIdent
 0001:0000C230       IsWesternGroup
 0001:00006430       IsWindow
 0001:00006438       IsWindowEnabled
 0001:00006440       IsWindowVisible
 0001:00006448       IsZoomed
 0001:00050F4C       Iterate
 0001:00050FAC       IterateMenus
 0002:00000018       JITEnable
 0001:000444AC       KeyboardStateToShiftState
 0001:00044460       KeyboardStateToShiftState
 0001:00044424       KeyDataToShiftState
 0001:000443D0       KeysToShiftState
 0001:00006450       KillTimer
 0001:0000807C       LastDelimiter
 0002:00002CA8       LastMenuItem
 0002:00002CAC       LastMousePos
 0001:0000C15C       LCIDToCodePage
 0002:00000114       LeadBytes
 0001:00000408       LeaveCriticalSection
 0001:00005DB0       LeaveCriticalSection
 0002:00000024       LibModuleList
 0001:0008E360       LicenseCheck
 0002:00000EB0       LineStyles
 0001:00006018       LineTo
 0001:000696FC       ListActns
 0001:0005A164       ListAdd
 0001:00068A14       ListItemsCompare
 0001:0005A18C       ListRemove
 0002:000027FE       ListSeparator
 0002:00001000       ListStyles
 0001:000361C8       ListView_Arrange
 0001:00036274       ListView_CreateDragImage
 0001:00036118       ListView_DeleteAllItems
 0001:00036220       ListView_DeleteColumn
 0001:00036100       ListView_DeleteItem
 0001:00036150       ListView_FindItem
 0001:00036348       ListView_GetCheckState
 0001:00036444       ListView_GetColumnOrderArray
 0001:00036238       ListView_GetColumnWidth
 0001:000361E0       ListView_GetEditControl
 0001:0003648C       ListView_GetHoverTime
 0001:000360B8       ListView_GetItem
 0001:000360A4       ListView_GetItemCount
 0001:00036160       ListView_GetItemRect
 0001:00036338       ListView_GetItemState
 0001:0003612C       ListView_GetNextItem
 0001:000362D0       ListView_GetOrigin
 0001:00036400       ListView_GetSelectedCount
 0001:000362C0       ListView_GetTopIndex
 0001:0003619C       ListView_HitTest
 0001:00036210       ListView_InsertColumn
 0001:000360E8       ListView_InsertItem
 0001:000361AC       ListView_RedrawItems
 0001:00036070       ListView_SetBkColor
 0001:00036368       ListView_SetCheckState
 0001:000361F4       ListView_SetColumn
 0001:00036428       ListView_SetColumnOrderArray
 0001:00036250       ListView_SetColumnWidth
 0001:00036410       ListView_SetExtendedListViewStyle
 0001:0003647C       ListView_SetHoverTime
 0001:00036088       ListView_SetImageList
 0001:000360D0       ListView_SetItem
 0001:000363C4       ListView_SetItemCount
 0001:000363D4       ListView_SetItemCountEx
 0001:00036308       ListView_SetItemState
 0001:00036394       ListView_SetItemText
 0001:000362A8       ListView_SetTextBkColor
 0001:00036290       ListView_SetTextColor
 0001:00036460       ListView_SetWorkAreas
 0001:000363E4       ListView_SortItems
 0001:000362E8       ListView_Update
 0001:00006458       LoadBitmap
 0001:00088470       LoadComExProcs
 0001:00006460       LoadCursor
 0001:00006468       LoadIcon
 0001:00006470       LoadKeyboardLayout
 0001:00005DB8       LoadLibrary
 0001:00000334       LoadLibraryEx
 0001:00005DC0       LoadResource
 0001:00004F54       LoadResourceModule
 0001:00005818       LoadResString
 0001:00006478       LoadString
 0001:0000033C       LoadString
 0001:00005954       LocalAlloc
 0001:000003D8       LocalAlloc
 0001:000003E0       LocalFree
 0001:0000ACB8       LocalGetLocaleStr
 0001:00005DC8       LockResource
 0002:00002740       LongDateFormat
 0002:000027D4       LongDayNames
 0002:00002788       LongMonthNames
 0002:00002754       LongTimeFormat
 0001:000077AC       LowerCase
 0001:00006010       LPtoDP
 0001:00005E60       lstrcmp
 0001:00005E68       lstrcpy
 0001:00000344       lstrcpyn
 0002:000029D4       LVarTypes
 0002:000029D8       LVarTypeSync
 0002:00002030       MainInstance
 0002:00002034       MainThreadID
 0001:00000468       MakeEmpty
 0001:00003268       MakeErrorMessage
 0002:00000E10       MakeLast
 0001:00006638       MakeLong
 0001:000066CC       MakeLParam
 0001:000239D0       MakeObjectInstance
 0001:00006694       MakeROP4
 0001:0000B7C0       MapException
 0001:00067BAC       Mapi
 0002:00000E7C       MAPIDLL
 0002:00000E80       MAPIModule
 0001:00002F94       MapToRunError
 0001:00006480       MapVirtualKey
 0001:00006488       MapWindowPoints
 0002:00000C00       Mask
 0001:00006020       MaskBlt
 0001:0002BC84       Math
 0001:0002BC4C       Max
 0002:000000CC       MaxCurrency
 0002:0000010C       MaxDateTime
 0001:00046E6C       MaximizedChildren
 0002:0000002C       MemoryManager
 0002:00002CA4       MenuButtonIndex
 0002:00000C1C       MenuKeyCaps
 0001:000560EC       Menus
 0002:00002C9C       MenuToolBar
 0002:00002CA0       MenuToolBar2
 0001:000004B8       MergeBlockAfter
 0001:00000F84       MergeCommit
 0001:00006490       MessageBox
 0001:000002D4       MessageBox
 0001:0000D474       Messages
 0001:0002BC44       Min
 0001:0001AED0       Min
 0002:000000C4       MinCurrency
 0002:00000104       MinDateTime
 0001:0005DA38       MinVar
 0002:00002ACC       MMAvailable
 0002:00000E28       ModeMap
 0001:0006772C       ModifySystemMenu
 0001:00048A98       ModifySystemMenu
 0002:0000008C       Module
 0002:0000270D       ModuleIsCpp
 0002:0000270C       ModuleIsLib
 0001:000239A0       ModuleUnload
 0002:00000028       ModuleUnloadList
 0002:00000BAC       MonitorDefaultFlags
 0002:00002AA8       MonitorFromPoint
 0002:00002AA4       MonitorFromRect
 0002:00002AA0       MonitorFromWindow
 0002:000000D4       MonthDays
 0002:00002BB4       Mouse
 0002:000010FC       MouseMap
 0001:00001954       Move
 0001:00006028       MoveToEx
 0001:0005A1AC       MoveWindowOrg
 0001:00092A0C       MSXmlRngFormatReader
 0001:00091000       MSXML_TLB
 0001:00005DD0       MulDiv
 0001:00000354       MultiByteToWideChar
 0001:00005DD8       MultiByteToWideChar
 0001:0004DE1C       MultiLineWidth
 0001:00035BF8       MultiMon
 0002:00000F40       MultiSelections
 0002:00002CD4       NeedToUninitialize
 0001:00014014       NegateAny
 0001:00013F20       NegateAsDouble
 0001:00013FBC       NegateByte
 0001:00014028       NegateCustom
 0001:00013FE0       NegateLongWord
 0001:00013F90       NegateVariant
 0001:00013F7C       NegateViaOS
 0001:00013FD0       NegateWord
 0002:00002735       NegCurrFormat
 0001:00001010       NewCommit
 0001:0000103C       NewCommitAt
 0002:00002BB8       NewStyleControls
 0001:0000BF54       NextCharIndex
 0001:00063BCC       NextVisibleZone
 0002:000005D8       NilMethod
 0001:00074E04       NodeInList
 0002:0000001C       NoErrMsg
 0001:00051D60       NormalDraw
 0001:000143A0       NotAny
 0001:00014300       NotAsInteger
 0001:000143B4       NotCustom
 0001:00002B4C       NotifyAnyExcept
 0001:0001B35C       NotifyDesigner
 0001:00002B20       NotifyExcept
 0001:00002B80       NotifyExceptFinally
 0001:00019C38       NotifyGlobalLoading
 0001:00005254       NotifyModuleUnload
 0001:00002AFC       NotifyNonDelphiException
 0001:00002B38       NotifyOnExcept
 0001:00002AE0       NotifyReRaise
 0001:00002BA8       NotifyTerminate
 0001:00002BC4       NotifyUnhandled
 0001:00014374       NotVariant
 0001:00014360       NotViaOS
 0001:000549A4       NthParentOf
 0001:00015C40       Null
 0001:00013734       NullCompare
 0001:0002191C       ObjectAncestorMatch
 0001:00058754       ObjectFromHWnd
 0002:000009F4       OEMConverts
 0001:00006498       OemToAnsi
 0001:000898C0       Office97
 0001:000064A0       OffsetRect
 0001:00005B28       OffsetRect
 0001:00088108       OleCheck
 0001:00088FD8       OleConst
 0001:0008D1A8       OleCreateFontIndirect
 0001:0008D1C4       OleCreatePictureIndirect
 0001:000906C8       OleCtrls
 0001:000170A4       OleDraw
 0001:000880EC       OleError
 0001:0008DB7C       OleFontToFont
 0001:0008D1EC       OleLoadPicture
 0002:00002D00       OlePro32DLL
 0001:0008983C       OleServer
 0001:0001709C       OleSetMenuDescriptor
 0001:000043B8       OleStrToStrVar
 0002:00002CC8       OleUninitializing
 0001:00012724       OleVarFromAny
 0001:00012788       OleVarFromVarArrayProc
 0001:000064A8       OpenClipboard
 0001:00037850       OpenPrinter
 0001:00001B34       OpenText
 0002:00000454       OpTypeMap
 0002:00000E08       OrientArray
 0002:00000DD4       OuterStyles
 0002:00000E3C       OuterStyles
 0002:00002844       OutOfMemory
 0001:0000B3F0       OutOfMemoryError
 0001:0002EFF4       OutOfResources
 0002:0000221C       Output
 0001:000217DC       OwnedBy
 0002:0000041C       PackVarCreation
 0002:00000F1C       Painting
 0002:00000974       Pal16
 0001:0002D338       PaletteChanged
 0001:0002F7E0       PaletteFromDIBColorTable
 0001:0002F884       PaletteToDIBColorTable
 0002:00000970       PalSize
 0001:00001A80       ParamStr
 0001:00063FB0       ParentNotLast
 0002:000009D0       Passwords
 0001:00006030       PatBlt
 0002:00002A98       PatternManager
 0001:000064B0       PeekMessage
 0002:00002A8C       PenManager
 0002:00000940       PenModes
 0002:00000920       PenStyles
 0001:00006038       PlayEnhMetaFile
 0001:00005AA8       Point
 0001:00018AD8       Point
 0001:00018F2C       PointerInModule
 0001:00027A8C       PointerToAddressInfo
 0001:00027A7C       PointerToLocationInfo
 0001:0005F2A0       PointsEqual
 0001:000066B4       PointToSmallPoint
 0001:00006040       Polyline
 0002:00002BA4       PopupList
 0001:000064B8       PostMessage
 0001:000064C0       PostQuitMessage
 0001:000387AC       Printer
 0001:00038808       Printers
 0001:0004A134       ProcessExecute
 0001:000446FC       ProcessHorz
 0001:0004A234       ProcessUpdate
 0001:00044768       ProcessVert
 0002:00002A04       ProcPosted
 0001:0001708C       ProgIDFromCLSID
 0001:00074F6C       ProgressLimitError
 0001:0001E000       PropertyNotFound
 0001:0001F09C       PropPathError
 0002:00000AE8       Props
 0001:0001DFF4       PropValueError
 0001:000064C8       PtInRect
 0001:000279DC       PtrToStr
 0001:00008A3C       PutExponent
 0002:00002BFC       QualifyingSites
 0001:00005DE0       QueryPerformanceCounter
 0001:00005DE8       QueryPerformanceFrequency
 0001:0000B77C       RaiseAssertException
 0001:00037984       RaiseError
 0001:00088ACC       RaiseException
 0001:0000028C       RaiseException
 0001:0001D038       RaiseException
 0002:00002014       RaiseExceptionProc
 0001:0000C73C       RaiseLastOSError
 0001:000889B8       RaiseNameException
 0001:0008B514       Ranger
 0001:00092B18       RangeReaderFactory
 0001:000999E8       RangeReaderFactorytest
 0001:000942AC       RangerTest
 0001:000942E4       RangerTest2
 0002:000006A0       rcs_id
 0002:000006A4       rcs_verion
 0001:000797B4       ReadCols
 0001:00064D20       ReadControlName
 0001:000202F8       ReadCustomVariant
 0001:00024E78       ReadError
 0001:0001DFDC       ReadError
 0001:00000294       ReadFile
 0001:00005DF0       ReadFile
 0001:0002FB30       ReadIcon
 0002:000009D8       ReadOnlys
 0001:000137EC       RealCompare
 0001:00006048       RealizePalette
 0001:00012DC8       RealOp
 0001:0001E6C4       Recover
 0001:00005A8C       Rect
 0001:00018B00       Rect
 0001:00006058       Rectangle
 0001:00006050       RectVisible
 0001:000064D0       RedrawWindow
 0002:00002874       RefAnyProc
 0001:0000035C       RegCloseKey
 0001:00005BC0       RegCloseKey
 0001:00005BC8       RegCreateKeyEx
 0001:00024EB8       RegDataToDataType
 0001:00005BD0       RegDeleteKey
 0001:00005BD8       RegDeleteValue
 0001:00005BE0       RegEnumKeyEx
 0001:00005BE8       RegEnumValue
 0001:00005BF0       RegFlushKey
 0002:000029F8       RegGroups
 0001:000064D8       RegisterClass
 0001:000196B0       RegisterClass
 0001:000064E0       RegisterClipboardFormat
 0001:00059534       RegisterDockSite
 0001:00019AA0       RegisterFindGlobalComponentProc
 0001:000198F8       RegisterIntegerConsts
 0001:000052B0       RegisterModule
 0001:00036B64       RegisterViewer
 0001:000064E8       RegisterWindowMessage
 0001:00026BEC       Registry
 0001:00000364       RegOpenKeyEx
 0001:00005BF8       RegOpenKeyEx
 0001:00005C00       RegQueryInfoKey
 0001:0000036C       RegQueryValueEx
 0001:00005C08       RegQueryValueEx
 0001:00005C10       RegSetValueEx
 0001:0003C0C0       RegStr
 0001:000064F0       ReleaseCapture
 0001:000064F8       ReleaseDC
 0001:00081B84       ReleaseToolMenuHooks
 0001:00081C70       ReleaseToolMenuKeyHooks
 0002:00000038       reMap
 0002:00002618       remBytes
 0001:00000528       RemoveBlock
 0002:000005B4       RemoveDataModule
 0001:0001DEAC       RemoveFixupReferences
 0001:0001DF58       RemoveFixups
 0001:0001E238       RemoveGlobalFixup
 0001:00006500       RemoveMenu
 0001:000051F4       RemoveModuleUnloadProc
 0001:000051CC       RemoveModuleUnloadProc
 0001:00006508       RemoveProp
 0001:00005DF8       ResetEvent
 0001:000014C4       ResizeInPlace
 0001:00006060       RestoreDC
 0001:0004407C       RestoreFocusState
 0001:00050B20       ReturnAddr
 0001:0001BE74       ReturnAddr
 0001:0001A08C       ReturnAddr
 0001:0002F560       RGBQuadToTriple
 0001:0002F528       RGBTripleToQuad
 0001:00066ED4       RichEdit
 0002:00002BCC       RM_GetObjectInstance
 0002:00002B8C       RM_TaskbarCreated
 0001:0008BB40       RngFormatReader
 0002:00000EB8       RootStyles
 0002:00002614       rover
 0002:00000F00       RowSelectStyles
 0002:00000E84       RTFConversionFormat
 0001:0001600C       RTLConsts
 0002:00000EE0       RTLStyles
 0001:0000029C       RtlUnwind
 0002:00002018       RTLUnwindProc
 0002:00000054       runErrMsg
 0001:0000185C       RunErrorAt
 0001:0008484C       RunTest
 0001:0000D590       SafeArrayCreate
 0001:0000D5B0       SafeArrayGetElement
[...]

Line numbers for TestHlp(TestHlp.pas) segment .text

   111 0001:00092B78   112 0001:00092B94   113 0001:00092B9E   114 0001:00092BAA
   116 0001:00092BB2   117 0001:00092BC9   118 0001:00092BD7   119 0001:00092BED
   120 0001:00092BF9   122 0001:00092C1F   124 0001:00092C4C   127 0001:00093634
   128 0001:0009364A   129 0001:0009367B   132 0001:00093680   133 0001:00093698
   134 0001:000936DE   136 0001:00093730   136 0001:00093737

Line numbers for RangerTest(RangerTest.pas) segment .text

    45 0001:000938A8    46 0001:000938AB    47 0001:000938CD    53 0001:000938D0
    54 0001:000938D7    56 0001:000938DE    58 0001:000938F9    60 0001:0009391A
    61 0001:00093933    62 0001:0009394F    63 0001:00093982    65 0001:000939B5
    66 0001:000939CF    67 0001:000939EC    68 0001:00093A20    70 0001:00093A54
    71 0001:00093A6E    72 0001:00093A8B    73 0001:00093ABF    74 0001:00093AF3
    77 0001:00093B60    78 0001:00093B7B    80 0001:00093B82    82 0001:00093B9D
    84 0001:00093BBE    85 0001:00093BD7    87 0001:00093BF8    88 0001:00093C12
    90 0001:00093C34    91 0001:00093C4E    93 0001:00093C70    94 0001:00093C8A
    95 0001:00093CCE    98 0001:00093D74    99 0001:00093D79   101 0001:00093D80
   103 0001:00093D9B   105 0001:00093DBC   107 0001:00093DC4   108 0001:00093DD5
   109 0001:00093DE6   110 0001:00093DF7   111 0001:00093E0B   112 0001:00093E19
   114 0001:00093E27   117 0001:00093E74   118 0001:00093E75   119 0001:00093E7F
   122 0001:00093E84   123 0001:00093E89   125 0001:00093E90   127 0001:00093EAB
   128 0001:00093ECC   130 0001:00093EF2   133 0001:00093EFA   135 0001:00093F0B
   136 0001:00093F1F   138 0001:00093F33   139 0001:00093F50   141 0001:00093F6D
   142 0001:00093F7C   145 0001:00093F8A   146 0001:00093FAC   148 0001:00093FD2
   151 0001:00093FDB   153 0001:00093FEC   154 0001:00094000   156 0001:00094014
   157 0001:0009402B   159 0001:00094045   160 0001:00094062   161 0001:0009407F
   162 0001:0009409C   164 0001:000940B9   165 0001:000940CA   167 0001:000940DB
   171 0001:00094198   172 0001:000941A5   180 0001:000941B8   181 0001:000941CE
   183 0001:000941D3   185 0001:000941DD   186 0001:000941F5   188 0001:00094202
   189 0001:00094226   192 0001:0009422C   193 0001:0009422F   194 0001:0009423A
   197 0001:0009423C   198 0001:0009423F   200 0001:00094246   201 0001:0009424D
   204 0001:00094250   205 0001:00094253   206 0001:0009425A   207 0001:00094261
   210 0001:00094264   211 0001:00094267   212 0001:0009426F   213 0001:00094277
   215 0001:000942AC   215 0001:000942B3

Line numbers for RangerTest2(RangerTest2.pas) segment .text

    38 0001:000942E4    38 0001:000942EB

Line numbers for XlsObjs(XlsObjs.pas) segment .text

   205 0001:0009469C   206 0001:000946BA   208 0001:000946DA   209 0001:000946E1
   210 0001:000946E8   211 0001:000946EB   212 0001:000946ED   214 0001:000946F1
   215 0001:000946FD   216 0001:00094709   218 0001:0009470D   219 0001:00094724
   223 0001:00094728   224 0001:0009473F   212 0001:00094741   227 0001:00094767
   232 0001:000947C4   233 0001:000947E2   234 0001:00094802   236 0001:00094809
   237 0001:0009484E   242 0001:000948AC   243 0001:000948EF   244 0001:00094974
   248 0001:0009497C   249 0001:000949AE   250 0001:00094A68   254 0001:00094A8C
   255 0001:00094AC4   256 0001:00094ACB   257 0001:00094AD9   260 0001:00094B28
   261 0001:00094B5A   266 0001:00094B64   267 0001:00094B93   268 0001:00094B9E
   269 0001:00094BDD   275 0001:00094BE4   276 0001:00094C08   277 0001:00094C20
   282 0001:00094C3A   283 0001:00094C44   284 0001:00094C52   286 0001:00094C6B
   287 0001:00094C71   288 0001:00094C79   291 0001:00094C83   292 0001:00094CA5
   295 0001:00094D00   296 0001:00094D0B   297 0001:00094D13   298 0001:00094D2A
   303 0001:00094D30   306 0001:00094D34   307 0001:00094D37   308 0001:00094D3F
   309 0001:00094D45   310 0001:00094D4D   317 0001:00094D50   318 0001:00094D79
   320 0001:00094D7B   323 0001:00094D7F   324 0001:00094D90   326 0001:00094D9D
   327 0001:00094DA8   329 0001:00094DAB   321 0001:00094DAC   331 0001:00094DD5
   334 0001:00094DDC   335 0001:00094DE5   337 0001:00094DFF   338 0001:00094E09
   339 0001:00094E14   342 0001:00094E1D   343 0001:00094E28   348 0001:00094E80
   349 0001:00094EA0   350 0001:00094EAA   351 0001:00094EAE   352 0001:00094ED4
   357 0001:00094ED8   358 0001:00094EF6   359 0001:00094F6B   362 0001:00094F74
   363 0001:00094F86   365 0001:00094F8F   366 0001:00094F93   368 0001:00094F98
   369 0001:00094FC0   372 0001:00094FC4   373 0001:00094FCF   374 0001:00094FD7
   375 0001:00094FDC   376 0001:00094FF3   379 0001:00094FF8   380 0001:00094FFE
   381 0001:00095005   382 0001:0009500B   383 0001:0009501A   386 0001:00095030
   387 0001:0009504B   388 0001:000950A0   391 0001:000950A8   392 0001:000950C2
   394 0001:000950C9   396 0001:000950E3   398 0001:000950F3   402 0001:00095127
   405 0001:0009515C   412 0001:000951B8   415 0001:000951D1   417 0001:00095216
   419 0001:0009522E   421 0001:00095237   422 0001:00095260   427 0001:000952BC
   428 0001:000952C1   430 0001:000952CC   431 0001:000952DC   428 0001:000952DD
   433 0001:000952E0   435 0001:000952E7   436 0001:000952EC   439 0001:000952F0
   440 0001:0009531F   441 0001:0009532B   443 0001:00095330   444 0001:0009536B
   447 0001:00095370   448 0001:00095376   449 0001:0009538E   450 0001:00095397
   454 0001:000953F0   455 0001:000953F5   481 0001:000953F8   482 0001:000953FE
   484 0001:00095418   485 0001:00095427   491 0001:00095490   492 0001:000954B7
   493 0001:000954D1   495 0001:000954DC   498 0001:00095518   500 0001:00095576
   502 0001:0009558E   503 0001:0009559B   495 0001:0009559C   505 0001:000955E0
   532 0001:0009563C   533 0001:0009565E   535 0001:00095688   536 0001:000956D2
   537 0001:000956D6   538 0001:000956DF   539 0001:000956E2   533 0001:000956E5
   540 0001:0009571D   544 0001:00095724   545 0001:00095727   571 0001:00095728
   572 0001:0009573A   573 0001:00095759   576 0001:0009575C   577 0001:00095767
   578 0001:0009576F   579 0001:00095786   582 0001:0009578C   583 0001:00095792
   584 0001:0009579C   589 0001:000957A0   590 0001:000957B2   591 0001:000957BB
   592 0001:000957C0   593 0001:000957E8   596 0001:000957EC   597 0001:000957F2
   599 0001:0009580C   600 0001:0009581B   604 0001:00095884   605 0001:000958BD
   607 0001:000958C4   608 0001:000958CA   610 0001:000958E5   612 0001:00095931
   620 0001:0009593C   621 0001:00095957   622 0001:000959A7   630 0001:000959B0
   631 0001:000959B6   633 0001:000959BF   635 0001:000959D9   637 0001:000959DD
   641 0001:000959ED   643 0001:000959F5   653 0001:00095A4C   654 0001:00095A57
   655 0001:00095A5F   657 0001:00095A64   658 0001:00095A7B   666 0001:00095A80
   669 0001:00095AA2   670 0001:00095B08   673 0001:00095B88   675 0001:00095B9A
   677 0001:00095BB2   678 0001:00095C23   701 0001:00095C90   702 0001:00095C96
   704 0001:00095CB0   705 0001:00095CBF   710 0001:00095D28   711 0001:00095D2E
   713 0001:00095D48   714 0001:00095D57   717 0001:00095DC0   718 0001:00095DE7
   719 0001:00095DEF   720 0001:00095DFD   723 0001:00095E4F   724 0001:00095E5D
   727 0001:00095EE5   729 0001:00095F3F   736 0001:00095F68   737 0001:00095FAB
   739 0001:00095FAD   740 0001:00095FB5   741 0001:00095FD7   743 0001:00095FDD
   745 0001:00096007   747 0001:00096019   749 0001:00096031   751 0001:0009607E
   756 0001:000960F8   757 0001:00096129   759 0001:0009612B   760 0001:00096133
   761 0001:00096154   763 0001:0009615A   765 0001:00096184   767 0001:00096196
   769 0001:000961AE   771 0001:000961EE   795 0001:00096268   796 0001:0009626A
   801 0001:0009626C   802 0001:0009628F   805 0001:00096296   806 0001:000962A2
   808 0001:000962A6   810 0001:000962CC   815 0001:000962D4   819 0001:000962F4
   821 0001:000962FE   823 0001:00096302   826 0001:0009630C   827 0001:0009632D
   832 0001:00096334   833 0001:0009635A   835 0001:0009635C   836 0001:00096364
   837 0001:00096382   839 0001:00096388   841 0001:0009639A   843 0001:000963B2
   845 0001:000963EA   847 0001:00096484   847 0001:0009648B

Line numbers for XlsApp(XlsApp.pas) segment .text

    44 0001:000964E8    45 0001:000964FA    46 0001:000964FD    47 0001:00096502
    49 0001:00096507    50 0001:00096525    53 0001:00096528    54 0001:00096541
    56 0001:00096555    62 0001:0009656D    64 0001:00096575    65 0001:00096586
    66 0001:0009659C    67 0001:000965DE    70 0001:0009666C    71 0001:00096677
    73 0001:0009667F    74 0001:00096686    75 0001:0009669D    91 0001:000966A0
    92 0001:000966BA    94 0001:000966D4    96 0001:000966E5    98 0001:00096708
   102 0001:00096712   103 0001:00096721   107 0001:0009672E   108 0001:0009675B
   120 0001:000967E4   120 0001:000967EB

Line numbers for XlsAppTest(XlsAppTest.pas) segment .text

    60 0001:00096940    61 0001:00096943    62 0001:00096965    72 0001:00096968
    73 0001:00096973    74 0001:00096986    76 0001:000969A4    77 0001:000969B7
    78 0001:000969D7    79 0001:000969DC    80 0001:000969E6    82 0001:000969EE
    84 0001:000969F5    85 0001:00096A06    87 0001:00096A26    88 0001:00096A30
    89 0001:00096A41    91 0001:00096A60    92 0001:00096A68    97 0001:00096A70
    98 0001:00096A74   100 0001:00096A7B   102 0001:00096A80   100 0001:00096A8B
   105 0001:00096A8E   108 0001:00096AAC   109 0001:00096AB7   110 0001:00096ACB
   112 0001:00096AE3   113 0001:00096AEA   122 0001:00096AF0   123 0001:00096B1C
   126 0001:00096B23   127 0001:00096B30   129 0001:00096B4C   131 0001:00096B53
   132 0001:00096B56   133 0001:00096B5C   136 0001:00096B86   137 0001:00096B90
   138 0001:00096BA0   139 0001:00096BCC   141 0001:00096BEA   142 0001:00096BF9
   143 0001:00096C0B   144 0001:00096C16   146 0001:00096C24   147 0001:00096C42
   148 0001:00096C50   149 0001:00096C69   150 0001:00096C7A   153 0001:00096CCF
   154 0001:00096CED   155 0001:00096CFB   156 0001:00096D14   157 0001:00096D25
   160 0001:00096D7A   161 0001:00096D98   162 0001:00096DA6   163 0001:00096DBF
   164 0001:00096DD0   167 0001:00096E35   168 0001:00096E50   169 0001:00096E5E
   170 0001:00096E7D   171 0001:00096E8E   174 0001:00096EFB   176 0001:00096F22
   177 0001:00096F30   178 0001:00097074   183 0001:00097164   184 0001:0009717F
   185 0001:000971A2   186 0001:000971C5   187 0001:000971E8   188 0001:0009722D
   191 0001:0009726C   192 0001:00097270   193 0001:0009727F   195 0001:00097298
   196 0001:000972A7   216 0001:000972C0   217 0001:000972E4   218 0001:000972F3
   219 0001:0009730D   221 0001:0009731D   222 0001:0009732C   223 0001:00097346
   225 0001:00097356   226 0001:000973E9   227 0001:000973FA   228 0001:00097496
   231 0001:000974B0   232 0001:000974D2   234 0001:000974DA   236 0001:000974FC
   237 0001:0009750B   238 0001:00097517   240 0001:00097568   241 0001:00097577
   242 0001:00097583   244 0001:000975D6   245 0001:000975E5   246 0001:000975F1
   248 0001:00097654   249 0001:00097663   250 0001:0009766F   254 0001:000976D8
   255 0001:000976E7   256 0001:000976F3   257 0001:00097710   259 0001:0009771D
   262 0001:000977CD   263 0001:000977DA   268 0001:000977E3   269 0001:000978F8
   272 0001:00097978   273 0001:0009797B   274 0001:00097982   275 0001:00097993
   285 0001:00097998   286 0001:000979BC   289 0001:000979C3   290 0001:000979D0
   293 0001:000979EC   294 0001:000979EF   295 0001:000979F5   298 0001:00097A1F
   299 0001:00097A29   300 0001:00097A39   304 0001:00097A65   305 0001:00097A6F
   308 0001:00097A7E   309 0001:00097A88   310 0001:00097A98   314 0001:00097AB6
   315 0001:00097AC2   317 0001:00097AD1   318 0001:00097B08   321 0001:00097B40
   322 0001:00097B43   323 0001:00097B4B   324 0001:00097B52   330 0001:00097B54
   332 0001:00097B87   326 0001:00097B8C   327 0001:00097B95   329 0001:00097B9C

Line numbers for XlsFormater(XlsFormater.pas) segment .text

    44 0001:00097C0C    46 0001:00097C47    49 0001:00097C4F    50 0001:00097C51
    52 0001:00097C59    54 0001:00097C84    55 0001:00097CB0    56 0001:00097CDC
    59 0001:00097D0F    46 0001:00097D13    60 0001:00097D5C    63 0001:00097D9C
    64 0001:00097DCC    65 0001:00097DE6    67 0001:00097DFE    69 0001:00097E13
    70 0001:00097E3F    71 0001:00097E69    72 0001:00097E93    73 0001:00097EBD
    75 0001:00097F28    83 0001:00097FCC    84 0001:00097FEF    85 0001:0009800C
    88 0001:00098029    94 0001:00098034    97 0001:0009803E    99 0001:0009804F
   101 0001:00098070   103 0001:0009807F   105 0001:00098097   106 0001:0009809F
   107 0001:000980AD   108 0001:000980BB   110 0001:000980C5   111 0001:000980CB
   113 0001:00098113   114 0001:0009811A   116 0001:00098127   118 0001:00098135
   120 0001:00098143   124 0001:00098160   125 0001:00098165    99 0001:00098168
   126 0001:0009819E   139 0001:00098214   140 0001:00098243   141 0001:00098256
   142 0001:00098280   145 0001:000982C0   147 0001:0009832B   150 0001:00098358
   151 0001:00098387   152 0001:0009839A   153 0001:000983C4   156 0001:00098404
   158 0001:0009846F   161 0001:0009849C   162 0001:000984AE   163 0001:000984B6
   164 0001:000984BB   165 0001:000984D7   168 0001:000984DC   169 0001:000984E7
   170 0001:000984EF   171 0001:000984F4   173 0001:000984F9   174 0001:00098510
   179 0001:00098514   180 0001:00098518   181 0001:0009851A   182 0001:00098528
   183 0001:0009852C   184 0001:00098531   190 0001:00098534   191 0001:00098563
   193 0001:00098574   194 0001:0009857A   195 0001:000985D3   191 0001:000985D4
   196 0001:00098615   198 0001:0009864C   198 0001:00098653

Line numbers for XlsFormaterTest(XlsFormaterTest.pas) segment .text

    95 0001:0009879C    96 0001:0009879F    97 0001:000987C1   103 0001:000987C4
   104 0001:000987F7   105 0001:00098803   107 0001:0009883A   109 0001:00098865
   112 0001:0009887E   113 0001:000988C2   119 0001:0009890B   120 0001:0009894F
   126 0001:00098998   127 0001:000989DC   132 0001:00098A22   135 0001:00098A94
   138 0001:00098B20   139 0001:00098B48   141 0001:00098B54   143 0001:00098B8D
   146 0001:00098B9C   147 0001:00098BAD   148 0001:00098BBE   149 0001:00098BCF
   151 0001:00098BE0   152 0001:00098BEF   153 0001:00098C2B   156 0001:00098C44
   157 0001:00098C6C   159 0001:00098C78   161 0001:00098CB1   164 0001:00098CC0
   165 0001:00098CD1   167 0001:00098CE2   168 0001:00098CEE   169 0001:00098D28
   173 0001:00098D40   174 0001:00098D6C   175 0001:00098D7D   176 0001:00098DA6
   177 0001:00098DCC   178 0001:00098DF2   180 0001:00098E18   182 0001:00098E49
   185 0001:00098EF4   186 0001:00098F27   189 0001:00098F33   192 0001:00098F3A
   193 0001:00098F80   194 0001:00098FC2   195 0001:00099001   196 0001:00099040
   199 0001:0009907B   202 0001:00099104   213 0001:000991A8   215 0001:000991C4
   218 0001:000991D1   221 0001:000991D4   224 0001:000991DD   225 0001:000991E3
   226 0001:000991E9   227 0001:00099218   230 0001:00099220   231 0001:00099230
   232 0001:0009923A   235 0001:00099242   236 0001:00099252   237 0001:0009925C
   238 0001:00099291   242 0001:000992B8   243 0001:000992EA   246 0001:00099300
   255 0001:00099344   258 0001:0009938B   260 0001:00099411   263 0001:00099430
   264 0001:00099434   265 0001:00099440   266 0001:0009944F   267 0001:0009945A
   270 0001:00099460   271 0001:00099476   273 0001:0009947B   275 0001:00099485
   276 0001:0009949D   278 0001:000994AD   279 0001:000994D1   282 0001:000994E8
   283 0001:000994EB   284 0001:000994F6   287 0001:000994F8   288 0001:000994FB
   290 0001:00099502   292 0001:0009950C   294 0001:0009951D   296 0001:0009952C
   297 0001:00099533   300 0001:00099538   301 0001:0009953B   302 0001:00099542
   304 0001:0009954A   306 0001:00099552   307 0001:00099559   310 0001:0009955C
   311 0001:0009955F   312 0001:00099567   313 0001:0009956F   316 0001:00099574
   317 0001:000995A6   320 0001:000995BC   329 0001:00099600   332 0001:0009964A
   334 0001:000996D0   336 0001:00099720   336 0001:00099727

Line numbers for RangeReaderFactorytest(RangeReaderFactorytest.pas) segment .text

    30 0001:0009986C    31 0001:0009986F    32 0001:00099891    43 0001:00099894
    44 0001:000998A0    45 0001:000998A5    46 0001:000998B3    48 0001:000998C5
    51 0001:000998E6    52 0001:000998EB    53 0001:000998FB    74 0001:00099944
    75 0001:0009994B    76 0001:0009995D    77 0001:0009996B    79 0001:00099984
    81 0001:00099994    83 0001:000999E8    83 0001:000999EF

Line numbers for XmlTest(..\msxml\XmlTest.pas) segment .text

    39 0001:00099B4C    40 0001:00099B4F    41 0001:00099B71    50 0001:00099B74
    51 0001:00099B95    53 0001:00099BA3    54 0001:00099BAF    55 0001:00099BE2
    57 0001:00099C05    59 0001:00099C1C    60 0001:00099C28    62 0001:00099C5B
    63 0001:00099C7D    64 0001:00099CB0    65 0001:00099D30    77 0001:00099D74
    78 0001:00099DB8    80 0001:00099DC4    81 0001:00099DE8    82 0001:00099DF7
    83 0001:00099E1F    85 0001:00099E51    86 0001:00099E60    87 0001:00099E88
    89 0001:00099EBA    91 0001:00099F52    92 0001:00099F8C    93 0001:00099FAF
    95 0001:00099FBA    96 0001:00099FCF    98 0001:00099FF4    99 0001:0009A003
   100 0001:0009A028   102 0001:0009A043   104 0001:0009A067   105 0001:0009A07B
   106 0001:0009A08F   107 0001:0009A0A3   109 0001:0009A0B7   111 0001:0009A0D2
   113 0001:0009A0DA   115 0001:0009A0FF   116 0001:0009A174   123 0001:0009A278
   124 0001:0009A297   126 0001:0009A29F   127 0001:0009A2B4   129 0001:0009A2D9
   130 0001:0009A2E8   132 0001:0009A30D   134 0001:0009A327   135 0001:0009A37B
   138 0001:0009A3C8   139 0001:0009A3DE   140 0001:0009A412   143 0001:0009A418
   144 0001:0009A433   146 0001:0009A439   147 0001:0009A442   148 0001:0009A44B
   150 0001:0009A454   152 0001:0009A49B   155 0001:0009A4A0   156 0001:0009A4CB
   157 0001:0009A4D7   159 0001:0009A4EA   161 0001:0009A4F4   162 0001:0009A50E
   163 0001:0009A569   171 0001:0009A570   172 0001:0009A592   174 0001:0009A5A9
   176 0001:0009A5B7   177 0001:0009A5EA   179 0001:0009A60D   180 0001:0009A62C
   181 0001:0009A638   182 0001:0009A65B   183 0001:0009A6AE   184 0001:0009A72A
   186 0001:0009A7A6   187 0001:0009A7C5   188 0001:0009A7D1   190 0001:0009A7F4
   191 0001:0009A813   192 0001:0009A81F   193 0001:0009A842   194 0001:0009A88C
   196 0001:0009A8D6   197 0001:0009A8F5   198 0001:0009A901   199 0001:0009A924
   200 0001:0009A977   201 0001:0009AA0B   202 0001:0009AAA5   204 0001:0009AB03
   205 0001:0009AB22   206 0001:0009AB2E   208 0001:0009ACC2   211 0001:0009ADE4
   212 0001:0009ADFA   214 0001:0009AE11   215 0001:0009AE35   220 0001:0009AE3C
   222 0001:0009AE58   223 0001:0009AE75   224 0001:0009AEB8   227 0001:0009AED4
   228 0001:0009AED7   229 0001:0009AEDE   231 0001:0009AEEF   232 0001:0009AEF9
   235 0001:0009AEFC   236 0001:0009AEFF   237 0001:0009AF07   238 0001:0009AF0C
   239 0001:0009AF13   241 0001:0009AF48   241 0001:0009AF4F

Line numbers for ExcelTests(ExcelTests.pas) segment .text

    23 0001:0009AF50    24 0001:0009AF6C    26 0001:0009AF8D    27 0001:0009AF9F
    29 0001:0009AFB1    30 0001:0009AFC4    31 0001:0009AFD9    35 0001:0009AFEE
    36 0001:0009B003    37 0001:0009B03B    40 0001:0009B0A4    40 0001:0009B0AB

Line numbers for ExcelTestProjectD6(F:\SandBox\Projects\Excels\XlsObjs\ExcelTestProjectD6.dpr) segment .text

    25 0001:0009B37C    26 0001:0009B39F    27 0001:0009B3CC

Bound resource files

g:\programs\borland\delphi6\Lib\CONTROLS.RES
g:\programs\borland\delphi6\Lib\BUTTONS.RES
g:\programs\borland\delphi6\Lib\EXTDLGS.RES
..\DUnit\GUITestRunner.dfm
ExcelTestProjectD6.RES
ExcelTestProjectD6.drf


Program entry point at 0001:0009B37C
